Component: ARM Compiler 5.05 update 1 (build 106) Tool: armlink [4d0efa]

==============================================================================

Section Cross References

    stm32f10x_gpio.o(i.GPIO_AFIODeInit) refers to stm32f10x_rcc.o(i.RCC_APB2PeriphResetCmd) for RCC_APB2PeriphResetCmd
    stm32f10x_gpio.o(i.GPIO_DeInit) refers to stm32f10x_rcc.o(i.RCC_APB2PeriphResetCmd) for RCC_APB2PeriphResetCmd
    stm32f10x_rcc.o(i.RCC_GetClocksFreq) refers to stm32f10x_rcc.o(.data) for APBAHBPrescTable
    stm32f10x_rcc.o(i.RCC_WaitForHSEStartUp) refers to stm32f10x_rcc.o(i.RCC_GetFlagStatus) for RCC_GetFlagStatus
    stm32f10x_usart.o(i.USART_DeInit) refers to stm32f10x_rcc.o(i.RCC_APB2PeriphResetCmd) for RCC_APB2PeriphResetCmd
    stm32f10x_usart.o(i.USART_DeInit) refers to stm32f10x_rcc.o(i.RCC_APB1PeriphResetCmd) for RCC_APB1PeriphResetCmd
    stm32f10x_usart.o(i.USART_Init) refers to stm32f10x_rcc.o(i.RCC_GetClocksFreq) for RCC_GetClocksFreq
    stm32f10x_adc.o(i.ADC_DeInit) refers to stm32f10x_rcc.o(i.RCC_APB2PeriphResetCmd) for RCC_APB2PeriphResetCmd
    system_stm32f10x.o(i.SetSysClock) refers to system_stm32f10x.o(i.SetSysClockTo72) for SetSysClockTo72
    system_stm32f10x.o(i.SystemCoreClockUpdate) refers to system_stm32f10x.o(.data) for SystemCoreClock
    system_stm32f10x.o(i.SystemInit) refers to system_stm32f10x.o(i.SetSysClock) for SetSysClock
    startup_stm32f10x_md.o(STACK) refers (Special) to heapauxi.o(.text) for __use_two_region_memory
    startup_stm32f10x_md.o(HEAP) refers (Special) to heapauxi.o(.text) for __use_two_region_memory
    startup_stm32f10x_md.o(RESET) refers (Special) to heapauxi.o(.text) for __use_two_region_memory
    startup_stm32f10x_md.o(RESET) refers to startup_stm32f10x_md.o(STACK) for __initial_sp
    startup_stm32f10x_md.o(RESET) refers to startup_stm32f10x_md.o(.text) for Reset_Handler
    startup_stm32f10x_md.o(RESET) refers to stm32f10x_it.o(i.NMI_Handler) for NMI_Handler
    startup_stm32f10x_md.o(RESET) refers to stm32f10x_it.o(i.HardFault_Handler) for HardFault_Handler
    startup_stm32f10x_md.o(RESET) refers to stm32f10x_it.o(i.MemManage_Handler) for MemManage_Handler
    startup_stm32f10x_md.o(RESET) refers to stm32f10x_it.o(i.BusFault_Handler) for BusFault_Handler
    startup_stm32f10x_md.o(RESET) refers to stm32f10x_it.o(i.UsageFault_Handler) for UsageFault_Handler
    startup_stm32f10x_md.o(RESET) refers to stm32f10x_it.o(i.SVC_Handler) for SVC_Handler
    startup_stm32f10x_md.o(RESET) refers to stm32f10x_it.o(i.DebugMon_Handler) for DebugMon_Handler
    startup_stm32f10x_md.o(RESET) refers to stm32f10x_it.o(i.PendSV_Handler) for PendSV_Handler
    startup_stm32f10x_md.o(RESET) refers to stm32f10x_it.o(i.SysTick_Handler) for SysTick_Handler
    startup_stm32f10x_md.o(RESET) refers to usart.o(i.USART1_IRQHandler) for USART1_IRQHandler
    startup_stm32f10x_md.o(RESET) refers to rs485.o(i.USART3_IRQHandler) for USART3_IRQHandler
    startup_stm32f10x_md.o(.text) refers (Special) to heapauxi.o(.text) for __use_two_region_memory
    startup_stm32f10x_md.o(.text) refers to system_stm32f10x.o(i.SystemInit) for SystemInit
    startup_stm32f10x_md.o(.text) refers to __main.o(!!!main) for __main
    startup_stm32f10x_md.o(.text) refers to startup_stm32f10x_md.o(HEAP) for Heap_Mem
    startup_stm32f10x_md.o(.text) refers to startup_stm32f10x_md.o(STACK) for Stack_Mem
    main.o(i.Check_Page1) refers to display.o(i.DPY_SetTil) for DPY_SetTil
    main.o(i.Check_Page1) refers to funn.o(i.Check_72Vand33V) for Check_72Vand33V
    main.o(i.Check_Page1) refers to display.o(i.DPY_Clear) for DPY_Clear
    main.o(i.Check_Page2) refers to display.o(i.DPY_SetTil) for DPY_SetTil
    main.o(i.Check_Page2) refers to funn.o(i.Check_Rs485andSetPass) for Check_Rs485andSetPass
    main.o(i.Check_Page2) refers to funn.o(i.Check_5VandPassValue) for Check_5VandPassValue
    main.o(i.Check_Page2) refers to funn.o(i.Check_ReadClock) for Check_ReadClock
    main.o(i.Check_Page2) refers to display.o(i.DPY_Clear) for DPY_Clear
    main.o(i.Check_Page3) refers to display.o(i.DPY_SetTil) for DPY_SetTil
    main.o(i.Check_Page3) refers to funn.o(i.Check_Reboot) for Check_Reboot
    main.o(i.Check_Page3) refers to funn.o(i.Check_ReadClockAgain) for Check_ReadClockAgain
    main.o(i.Check_Page3) refers to funn.o(i.Check_Sleep) for Check_Sleep
    main.o(i.Check_Page3) refers to display.o(i.DPY_Clear) for DPY_Clear
    main.o(i.Check_Page4) refers to display.o(i.DPY_SetTil) for DPY_SetTil
    main.o(i.Check_Page4) refers to funn.o(i.Check_ErrorMsg) for Check_ErrorMsg
    main.o(i.Check_Page4) refers to io.o(i.Buz_Out_Over) for Buz_Out_Over
    main.o(i.main) refers to delay.o(i.delay_init) for delay_init
    main.o(i.main) refers to misc.o(i.NVIC_PriorityGroupConfig) for NVIC_PriorityGroupConfig
    main.o(i.main) refers to system_stm32f10x.o(i.SystemInit) for SystemInit
    main.o(i.main) refers to io.o(i.IO_Init) for IO_Init
    main.o(i.main) refers to adc.o(i.Adc_Init) for Adc_Init
[...]
    ../clib/libinit.s                        0x00000000   Number         0  libshutdown.o ABSOLUTE
    ../clib/locale.s                         0x00000000   Number         0  lc_numeric_c.o ABSOLUTE
    ../clib/longlong.s                       0x00000000   Number         0  lludiv10.o ABSOLUTE
    ../clib/memcpset.s                       0x00000000   Number         0  rt_memclr.o ABSOLUTE
    ../clib/memcpset.s                       0x00000000   Number         0  rt_memclr_w.o ABSOLUTE
    ../clib/memcpset.s                       0x00000000   Number         0  strcmpv7m.o ABSOLUTE
    ../clib/misc.s                           0x00000000   Number         0  printf_stubs.o ABSOLUTE
    ../clib/printf.c                         0x00000000   Number         0  __printf_ss_wp.o ABSOLUTE
    ../clib/printf.c                         0x00000000   Number         0  __printf_flags_ss_wp.o ABSOLUTE
    ../clib/printf.c                         0x00000000   Number         0  _printf_hex_ll.o ABSOLUTE
    ../clib/printf.c                         0x00000000   Number         0  _sputc.o ABSOLUTE
    ../clib/printf.c                         0x00000000   Number         0  _printf_char_common.o ABSOLUTE
    ../clib/printf.c                         0x00000000   Number         0  _printf_fp_dec.o ABSOLUTE
    ../clib/printf.c                         0x00000000   Number         0  _printf_intcommon.o ABSOLUTE
    ../clib/printf.c                         0x00000000   Number         0  __2sprintf.o ABSOLUTE
    ../clib/printf.c                         0x00000000   Number         0  noretval__2sprintf.o ABSOLUTE
    ../clib/printf.c                         0x00000000   Number         0  _printf_hex_int_ll_ptr.o ABSOLUTE
    ../clib/printf.c                         0x00000000   Number         0  __printf.o ABSOLUTE
    ../clib/printf.c                         0x00000000   Number         0  _printf_pad.o ABSOLUTE
    ../clib/printf.c                         0x00000000   Number         0  _printf_hex_int.o ABSOLUTE
    ../clib/printf.c                         0x00000000   Number         0  _printf_hex_int_ll.o ABSOLUTE
    ../clib/printf.c                         0x00000000   Number         0  _printf_hex_ptr.o ABSOLUTE
    ../clib/printf.c                         0x00000000   Number         0  _printf_hex_int_ptr.o ABSOLUTE
    ../clib/printf.c                         0x00000000   Number         0  _printf_hex_ll_ptr.o ABSOLUTE
    ../clib/printf.c                         0x00000000   Number         0  __printf_nopercent.o ABSOLUTE
    ../clib/printf.c                         0x00000000   Number         0  _printf_fp_infnan.o ABSOLUTE
    ../clib/printf.c                         0x00000000   Number         0  __printf_flags.o ABSOLUTE
    ../clib/printf.c                         0x00000000   Number         0  __printf_ss.o ABSOLUTE
    ../clib/printf.c                         0x00000000   Number         0  __printf_flags_ss.o ABSOLUTE
    ../clib/printf.c                         0x00000000   Number         0  __printf_wp.o ABSOLUTE
    ../clib/printf.c                         0x00000000   Number         0  __printf_flags_wp.o ABSOLUTE
    ../clib/printf_percent.s                 0x00000000   Number         0  _printf_f.o ABSOLUTE
    ../clib/printf_percent.s                 0x00000000   Number         0  _printf_percent.o ABSOLUTE
    ../clib/printf_percent.s                 0x00000000   Number         0  _printf_x.o ABSOLUTE
    ../clib/printf_percent.s                 0x00000000   Number         0  _printf_percent_end.o ABSOLUTE
    ../clib/signal.c                         0x00000000   Number         0  defsig_rtred_inner.o ABSOLUTE
    ../clib/signal.c                         0x00000000   Number         0  defsig_stak_inner.o ABSOLUTE
    ../clib/signal.c                         0x00000000   Number         0  defsig_general.o ABSOLUTE
    ../clib/signal.c                         0x00000000   Number         0  defsig_abrt_inner.o ABSOLUTE
    ../clib/signal.c                         0x00000000   Number         0  defsig_pvfn_inner.o ABSOLUTE
    ../clib/signal.c                         0x00000000   Number         0  defsig_cppl_inner.o ABSOLUTE
    ../clib/signal.c                         0x00000000   Number         0  defsig_segv_inner.o ABSOLUTE
    ../clib/signal.c                         0x00000000   Number         0  __raise.o ABSOLUTE
    ../clib/signal.c                         0x00000000   Number         0  defsig_rtmem_inner.o ABSOLUTE
    ../clib/signal.c                         0x00000000   Number         0  defsig_exit.o ABSOLUTE
    ../clib/signal.c                         0x00000000   Number         0  defsig_other.o ABSOLUTE
    ../clib/signal.c                         0x00000000   Number         0  defsig_rtmem_outer.o ABSOLUTE
    ../clib/signal.c                         0x00000000   Number         0  defsig_rtmem_formal.o ABSOLUTE
    ../clib/signal.c                         0x00000000   Number         0  defsig_fpe_inner.o ABSOLUTE
    ../clib/signal.s                         0x00000000   Number         0  defsig.o ABSOLUTE
    ../clib/stdlib.c                         0x00000000   Number         0  exit.o ABSOLUTE
    ../clib/string.c                         0x00000000   Number         0  strstr.o ABSOLUTE
    ../clib/string.c                         0x00000000   Number         0  strcat.o ABSOLUTE
    ../fplib/d2f.s                           0x00000000   Number         0  d2f.o ABSOLUTE
    ../fplib/ddiv.s                          0x00000000   Number         0  ddiv.o ABSOLUTE
    ../fplib/dflt.s                          0x00000000   Number         0  dflt_clz.o ABSOLUTE
    ../fplib/dmul.s                          0x00000000   Number         0  dmul.o ABSOLUTE
    ../fplib/dnaninf.s                       0x00000000   Number         0  dnaninf.o ABSOLUTE
    ../fplib/dretinf.s                       0x00000000   Number         0  dretinf.o ABSOLUTE
    ../fplib/f2d.s                           0x00000000   Number         0  f2d.o ABSOLUTE
    ../fplib/fdiv.s                          0x00000000   Number         0  fdiv.o ABSOLUTE
    ../fplib/ffixu.s                         0x00000000   Number         0  ffixu.o ABSOLUTE
    ../fplib/fmul.s                          0x00000000   Number         0  fmul.o ABSOLUTE
    ../fplib/fnaninf.s                       0x00000000   Number         0  fnaninf.o ABSOLUTE
    ../fplib/fpinit.s                        0x00000000   Number         0  fpinit.o ABSOLUTE
    ../fplib/fretinf.s                       0x00000000   Number         0  fretinf.o ABSOLUTE
    ../fplib/istatus.s                       0x00000000   Number         0  istatus.o ABSOLUTE
    ../fplib/printf1.s                       0x00000000   Number         0  printf1.o ABSOLUTE
    ../fplib/usenofp.s                       0x00000000   Number         0  usenofp.o ABSOLUTE
    ../mathlib/fpclassify.c                  0x00000000   Number         0  fpclassify.o ABSOLUTE
    ..\Application\CMD\cmd.c                 0x00000000   Number         0  cmd.o ABSOLUTE
    ..\Application\DISPLAY\display.c         0x00000000   Number         0  display.o ABSOLUTE
    ..\Application\FUNN\funn.c               0x00000000   Number         0  funn.o ABSOLUTE
    ..\CMSIS\system_stm32f10x.c              0x00000000   Number         0  system_stm32f10x.o ABSOLUTE
    ..\HARDWARE\ADC\adc.c                    0x00000000   Number         0  adc.o ABSOLUTE
    ..\HARDWARE\IO\IO.c                      0x00000000   Number         0  io.o ABSOLUTE
    ..\HARDWARE\RS485\rs485.c                0x00000000   Number         0  rs485.o ABSOLUTE
    ..\HARDWARE\RSCG12864B\RSCG12864B.c      0x00000000   Number         0  rscg12864b.o ABSOLUTE
    ..\STM32F10x_StdPeriph_Driver\src\misc.c 0x00000000   Number         0  misc.o ABSOLUTE
    ..\STM32F10x_StdPeriph_Driver\src\stm32f10x_adc.c 0x00000000   Number         0  stm32f10x_adc.o ABSOLUTE
    ..\STM32F10x_StdPeriph_Driver\src\stm32f10x_gpio.c 0x00000000   Number         0  stm32f10x_gpio.o ABSOLUTE
    ..\STM32F10x_StdPeriph_Driver\src\stm32f10x_rcc.c 0x00000000   Number         0  stm32f10x_rcc.o ABSOLUTE
    ..\STM32F10x_StdPeriph_Driver\src\stm32f10x_usart.c 0x00000000   Number         0  stm32f10x_usart.o ABSOLUTE
    ..\SYSTEM\delay\delay.c                  0x00000000   Number         0  delay.o ABSOLUTE
    ..\SYSTEM\sys\sys.c                      0x00000000   Number         0  sys.o ABSOLUTE
    ..\SYSTEM\usart\usart.c                  0x00000000   Number         0  usart.o ABSOLUTE
    ..\Startup\startup_stm32f10x_md.s        0x00000000   Number         0  startup_stm32f10x_md.o ABSOLUTE
    ..\User\main.c                           0x00000000   Number         0  main.o ABSOLUTE
    ..\User\stm32f10x_it.c                   0x00000000   Number         0  stm32f10x_it.o ABSOLUTE
    ..\\SYSTEM\\sys\\sys.c                   0x00000000   Number         0  sys.o ABSOLUTE
    dc.s                                     0x00000000   Number         0  dc.o ABSOLUTE
    RESET                                    0x08000000   Section      236  startup_stm32f10x_md.o(RESET)
    !!!main                                  0x080000ec   Section        8  __main.o(!!!main)
    !!!scatter                               0x080000f4   Section       52  __scatter.o(!!!scatter)
    !!handler_copy                           0x08000128   Section       26  __scatter_copy.o(!!handler_copy)
    !!handler_zi                             0x08000144   Section       28  __scatter_zi.o(!!handler_zi)
    .ARM.Collect$$_printf_percent$$00000000  0x08000160   Section        0  _printf_percent.o(.ARM.Collect$$_printf_percent$$00000000)
    .ARM.Collect$$_printf_percent$$00000003  0x08000160   Section        6  _printf_f.o(.ARM.Collect$$_printf_percent$$00000003)
    .ARM.Collect$$_printf_percent$$0000000C  0x08000166   Section        6  _printf_x.o(.ARM.Collect$$_printf_percent$$0000000C)
    .ARM.Collect$$_printf_percent$$00000017  0x0800016c   Section        4  _printf_percent_end.o(.ARM.Collect$$_printf_percent$$00000017)
    .ARM.Collect$$libinit$$00000000          0x08000170   Section        2  libinit.o(.ARM.Collect$$libinit$$00000000)
    .ARM.Collect$$libinit$$00000002          0x08000172   Section        0  libinit2.o(.ARM.Collect$$libinit$$00000002)
    .ARM.Collect$$libinit$$00000004          0x08000172   Section        0  libinit2.o(.ARM.Collect$$libinit$$00000004)
    .ARM.Collect$$libinit$$0000000A          0x08000172   Section        0  libinit2.o(.ARM.Collect$$libinit$$0000000A)
    .ARM.Collect$$libinit$$0000000C          0x08000172   Section        0  libinit2.o(.ARM.Collect$$libinit$$0000000C)
    .ARM.Collect$$libinit$$0000000E          0x08000172   Section        0  libinit2.o(.ARM.Collect$$libinit$$0000000E)
    .ARM.Collect$$libinit$$0000000F          0x08000172   Section        6  libinit2.o(.ARM.Collect$$libinit$$0000000F)
    .ARM.Collect$$libinit$$00000011          0x08000178   Section        0  libinit2.o(.ARM.Collect$$libinit$$00000011)
    .ARM.Collect$$libinit$$00000013          0x08000178   Section        0  libinit2.o(.ARM.Collect$$libinit$$00000013)
    .ARM.Collect$$libinit$$00000015          0x08000178   Section        0  libinit2.o(.ARM.Collect$$libinit$$00000015)
    .ARM.Collect$$libinit$$00000016          0x08000178   Section       10  libinit2.o(.ARM.Collect$$libinit$$00000016)
    .ARM.Collect$$libinit$$00000017          0x08000182   Section        0  libinit2.o(.ARM.Collect$$libinit$$00000017)
    .ARM.Collect$$libinit$$00000019          0x08000182   Section        0  libinit2.o(.ARM.Collect$$libinit$$00000019)
    .ARM.Collect$$libinit$$0000001B          0x08000182   Section        0  libinit2.o(.ARM.Collect$$libinit$$0000001B)
    .ARM.Collect$$libinit$$0000001D          0x08000182   Section        0  libinit2.o(.ARM.Collect$$libinit$$0000001D)
    .ARM.Collect$$libinit$$0000001F          0x08000182   Section        0  libinit2.o(.ARM.Collect$$libinit$$0000001F)
    .ARM.Collect$$libinit$$00000021          0x08000182   Section        0  libinit2.o(.ARM.Collect$$libinit$$00000021)
    .ARM.Collect$$libinit$$00000023          0x08000182   Section        0  libinit2.o(.ARM.Collect$$libinit$$00000023)
    .ARM.Collect$$libinit$$00000025          0x08000182   Section        0  libinit2.o(.ARM.Collect$$libinit$$00000025)
    .ARM.Collect$$libinit$$0000002C          0x08000182   Section        0  libinit2.o(.ARM.Collect$$libinit$$0000002C)
    .ARM.Collect$$libinit$$0000002E          0x08000182   Section        0  libinit2.o(.ARM.Collect$$libinit$$0000002E)
    .ARM.Collect$$libinit$$00000030          0x08000182   Section        0  libinit2.o(.ARM.Collect$$libinit$$00000030)
    .ARM.Collect$$libinit$$00000032          0x08000182   Section        0  libinit2.o(.ARM.Collect$$libinit$$00000032)
    .ARM.Collect$$libinit$$00000033          0x08000182   Section        2  libinit2.o(.ARM.Collect$$libinit$$00000033)
    .ARM.Collect$$libshutdown$$00000000      0x08000184   Section        2  libshutdown.o(.ARM.Collect$$libshutdown$$00000000)
    .ARM.Collect$$libshutdown$$00000003      0x08000186   Section        0  libshutdown2.o(.ARM.Collect$$libshutdown$$00000003)
    .ARM.Collect$$libshutdown$$00000006      0x08000186   Section        0  libshutdown2.o(.ARM.Collect$$libshutdown$$00000006)
    .ARM.Collect$$libshutdown$$00000009      0x08000186   Section        0  libshutdown2.o(.ARM.Collect$$libshutdown$$00000009)
    .ARM.Collect$$libshutdown$$0000000B      0x08000186   Section        0  libshutdown2.o(.ARM.Collect$$libshutdown$$0000000B)
    .ARM.Collect$$libshutdown$$0000000E      0x08000186   Section        0  libshutdown2.o(.ARM.Collect$$libshutdown$$0000000E)
    .ARM.Collect$$libshutdown$$0000000F      0x08000186   Section        2  libshutdown2.o(.ARM.Collect$$libshutdown$$0000000F)
    .ARM.Collect$$rtentry$$00000000          0x08000188   Section        0  __rtentry.o(.ARM.Collect$$rtentry$$00000000)
    .ARM.Collect$$rtentry$$00000002          0x08000188   Section        0  __rtentry2.o(.ARM.Collect$$rtentry$$00000002)
    .ARM.Collect$$rtentry$$00000004          0x08000188   Section        6  __rtentry4.o(.ARM.Collect$$rtentry$$00000004)
    .ARM.Collect$$rtentry$$00000009          0x0800018e   Section        0  __rtentry2.o(.ARM.Collect$$rtentry$$00000009)
    .ARM.Collect$$rtentry$$0000000A          0x0800018e   Section        4  __rtentry2.o(.ARM.Collect$$rtentry$$0000000A)
    .ARM.Collect$$rtentry$$0000000C          0x08000192   Section        0  __rtentry2.o(.ARM.Collect$$rtentry$$0000000C)
    .ARM.Collect$$rtentry$$0000000D          0x08000192   Section        8  __rtentry2.o(.ARM.Collect$$rtentry$$0000000D)
    .ARM.Collect$$rtexit$$00000000           0x0800019a   Section        2  rtexit.o(.ARM.Collect$$rtexit$$00000000)
    .ARM.Collect$$rtexit$$00000002           0x0800019c   Section        0  rtexit2.o(.ARM.Collect$$rtexit$$00000002)
    .ARM.Collect$$rtexit$$00000003           0x0800019c   Section        4  rtexit2.o(.ARM.Collect$$rtexit$$00000003)
    .ARM.Collect$$rtexit$$00000004           0x080001a0   Section        6  rtexit2.o(.ARM.Collect$$rtexit$$00000004)
    .text                                    0x080001a8   Section       64  startup_stm32f10x_md.o(.text)
    .text                                    0x080001e8   Section        2  use_no_semi_2.o(.text)
    .text                                    0x080001ec   Section        0  noretval__2sprintf.o(.text)
    .text                                    0x08000214   Section        0  _printf_pad.o(.text)
    .text                                    0x08000264   Section        0  _printf_hex_int.o(.text)
    .text                                    0x080002bc   Section        0  __printf_wp.o(.text)
    .text                                    0x080003ca   Section        0  strstr.o(.text)
    .text                                    0x080003ee   Section        0  strcat.o(.text)
    .text                                    0x08000406   Section       68  rt_memclr.o(.text)
    .text                                    0x0800044a   Section       78  rt_memclr_w.o(.text)
    .text                                    0x08000498   Section        0  heapauxi.o(.text)
    .text                                    0x0800049e   Section        2  use_no_semi.o(.text)
    .text                                    0x080004a0   Section        0  _printf_intcommon.o(.text)
    .text                                    0x08000552   Section        0  _printf_fp_dec.o(.text)
    _fp_digits                               0x08000555   Thumb Code   428  _printf_fp_dec.o(.text)
    .text                                    0x0800096c   Section        0  _printf_char_common.o(.text)
    _printf_input_char                       0x0800096d   Thumb Code    10  _printf_char_common.o(.text)
    .text                                    0x0800099c   Section        0  _sputc.o(.text)
    .text                                    0x080009a8   Section        8  rt_locale_intlibspace.o(.text)
    .text                                    0x080009b0   Section      138  lludiv10.o(.text)
    .text                                    0x08000a3c   Section        0  _printf_fp_infnan.o(.text)
    .text                                    0x08000abc   Section        0  bigflt0.o(.text)
    .text                                    0x08000b98   Section        8  libspace.o(.text)
    .text                                    0x08000ba0   Section       74  sys_stackheap_outer.o(.text)
    .text                                    0x08000bea   Section        0  exit.o(.text)
    .text                                    0x08000bf8   Section      128  strcmpv7m.o(.text)
    CL$$btod_d2e                             0x08000c78   Section       62  btod.o(CL$$btod_d2e)
    CL$$btod_d2e_denorm_low                  0x08000cb6   Section       70  btod.o(CL$$btod_d2e_denorm_low)
    CL$$btod_d2e_norm_op1                    0x08000cfc   Section       96  btod.o(CL$$btod_d2e_norm_op1)
    CL$$btod_div_common                      0x08000d5c   Section      824  btod.o(CL$$btod_div_common)
    CL$$btod_e2e                             0x08001094   Section      198  btod.o(CL$$btod_e2e)
    CL$$btod_ediv                            0x0800115a   Section       40  btod.o(CL$$btod_ediv)
    CL$$btod_emul                            0x08001182   Section       40  btod.o(CL$$btod_emul)
    CL$$btod_mult_common                     0x080011aa   Section      580  btod.o(CL$$btod_mult_common)
    i.ADC_Cmd                                0x080013ee   Section        0  stm32f10x_adc.o(i.ADC_Cmd)
    i.ADC_DeInit                             0x08001404   Section        0  stm32f10x_adc.o(i.ADC_DeInit)
    i.ADC_GetCalibrationStatus               0x08001460   Section        0  stm32f10x_adc.o(i.ADC_GetCalibrationStatus)
    i.ADC_GetConversionValue                 0x08001474   Section        0  stm32f10x_adc.o(i.ADC_GetConversionValue)
    i.ADC_GetFlagStatus                      0x0800147c   Section        0  stm32f10x_adc.o(i.ADC_GetFlagStatus)
    i.ADC_GetResetCalibrationStatus          0x0800148e   Section        0  stm32f10x_adc.o(i.ADC_GetResetCalibrationStatus)
    i.ADC_Init                               0x080014a4   Section        0  stm32f10x_adc.o(i.ADC_Init)
    i.ADC_RegularChannelConfig               0x080014f4   Section        0  stm32f10x_adc.o(i.ADC_RegularChannelConfig)
    i.ADC_ResetCalibration                   0x080015ac   Section        0  stm32f10x_adc.o(i.ADC_ResetCalibration)
    i.ADC_SoftwareStartConvCmd               0x080015b6   Section        0  stm32f10x_adc.o(i.ADC_SoftwareStartConvCmd)
    i.ADC_StartCalibration                   0x080015cc   Section        0  stm32f10x_adc.o(i.ADC_StartCalibration)
    i.Adc_Init                               0x080015d8   Section        0  adc.o(i.Adc_Init)
    i.BusFault_Handler                       0x08001670   Section        0  stm32f10x_it.o(i.BusFault_Handler)
    i.Buz_Out_Over                           0x08001674   Section        0  io.o(i.Buz_Out_Over)
    i.Check_5VandPassValue                   0x080016c8   Section        0  funn.o(i.Check_5VandPassValue)
    i.Check_72Vand33V                        0x08001aac   Section        0  funn.o(i.Check_72Vand33V)
    i.Check_ErrorMsg                         0x08001d0c   Section        0  funn.o(i.Check_ErrorMsg)
    i.Check_Page1                            0x08001f58   Section        0  main.o(i.Check_Page1)
    i.Check_Page2                            0x08001f84   Section        0  main.o(i.Check_Page2)
    i.Check_Page3                            0x08001fb8   Section        0  main.o(i.Check_Page3)
    i.Check_Page4                            0x08001fec   Section        0  main.o(i.Check_Page4)
    i.Check_ReadClock                        0x08002018   Section        0  funn.o(i.Check_ReadClock)
    i.Check_ReadClockAgain                   0x080020e0   Section        0  funn.o(i.Check_ReadClockAgain)
    i.Check_Reboot                           0x080021a8   Section        0  funn.o(i.Check_Reboot)
    i.Check_Rs485andSetPass                  0x08002250   Section        0  funn.o(i.Check_Rs485andSetPass)
    i.Check_Sleep                            0x080023f4   Section        0  funn.o(i.Check_Sleep)
    i.DPL_OfferMsgBuf                        0x080024b8   Section        0  display.o(i.DPL_OfferMsgBuf)
    DPL_OfferMsgBuf                          0x080024b9   Thumb Code    58  display.o(i.DPL_OfferMsgBuf)
    i.DPY_Clear                              0x080024f8   Section        0  display.o(i.DPY_Clear)
    i.DPY_Init                               0x0800252c   Section        0  display.o(i.DPY_Init)
    i.DPY_RefreshWindow                      0x08002548   Section        0  display.o(i.DPY_RefreshWindow)
    DPY_RefreshWindow                        0x08002549   Thumb Code    38  display.o(i.DPY_RefreshWindow)
    i.DPY_SetNewMsg                          0x08002574   Section        0  display.o(i.DPY_SetNewMsg)
    i.DPY_SetSpd                             0x080025d4   Section        0  display.o(i.DPY_SetSpd)
    i.DPY_SetTil                             0x08002696   Section        0  display.o(i.DPY_SetTil)
    i.DebugMon_Handler                       0x080026a8   Section        0  stm32f10x_it.o(i.DebugMon_Handler)
    i.GPIO_Init                              0x080026aa   Section        0  stm32f10x_gpio.o(i.GPIO_Init)
    i.GPIO_PinRemapConfig                    0x080027c0   Section        0  stm32f10x_gpio.o(i.GPIO_PinRemapConfig)
    i.GPIO_ResetBits                         0x08002850   Section        0  stm32f10x_gpio.o(i.GPIO_ResetBits)
    i.GPIO_SetBits                           0x08002854   Section        0  stm32f10x_gpio.o(i.GPIO_SetBits)
    i.Get_Adc                                0x08002858   Section        0  adc.o(i.Get_Adc)
    i.Get_Adc_Average                        0x0800288c   Section        0  adc.o(i.Get_Adc_Average)
    i.HardFault_Handler                      0x080028ba   Section        0  stm32f10x_it.o(i.HardFault_Handler)
    i.I2C_Clock                              0x080028c0   Section        0  rscg12864b.o(i.I2C_Clock)
    i.I2C_Initial                            0x080028e4   Section        0  rscg12864b.o(i.I2C_Initial)
    i.I2C_Send                               0x08002938   Section        0  rscg12864b.o(i.I2C_Send)
    i.I2C_Start                              0x08002978   Section        0  rscg12864b.o(i.I2C_Start)
    i.I2C_Stop                               0x080029b4   Section        0  rscg12864b.o(i.I2C_Stop)
    i.IO_Init                                0x080029f8   Section        0  io.o(i.IO_Init)
    i.MemManage_Handler                      0x08002aa8   Section        0  stm32f10x_it.o(i.MemManage_Handler)
    i.NMI_Handler                            0x08002aac   Section        0  stm32f10x_it.o(i.NMI_Handler)
    i.NVIC_Init                              0x08002ab0   Section        0  misc.o(i.NVIC_Init)
    i.NVIC_PriorityGroupConfig               0x08002b20   Section        0  misc.o(i.NVIC_PriorityGroupConfig)
    i.PI_Out                                 0x08002b34   Section        0  io.o(i.PI_Out)
    i.PendSV_Handler                         0x08002c10   Section        0  stm32f10x_it.o(i.PendSV_Handler)
    i.RCC_ADCCLKConfig                       0x08002c14   Section        0  stm32f10x_rcc.o(i.RCC_ADCCLKConfig)
    i.RCC_APB1PeriphClockCmd                 0x08002c2c   Section        0  stm32f10x_rcc.o(i.RCC_APB1PeriphClockCmd)
    i.RCC_APB1PeriphResetCmd                 0x08002c4c   Section        0  stm32f10x_rcc.o(i.RCC_APB1PeriphResetCmd)
    i.RCC_APB2PeriphClockCmd                 0x08002c6c   Section        0  stm32f10x_rcc.o(i.RCC_APB2PeriphClockCmd)
    i.RCC_APB2PeriphResetCmd                 0x08002c8c   Section        0  stm32f10x_rcc.o(i.RCC_APB2PeriphResetCmd)
    i.RCC_GetClocksFreq                      0x08002cac   Section        0  stm32f10x_rcc.o(i.RCC_GetClocksFreq)
    i.RS485_Init                             0x08002d80   Section        0  rs485.o(i.RS485_Init)
    i.RS485_RXStr                            0x08002e64   Section        0  rs485.o(i.RS485_RXStr)
    i.RS485_TX                               0x08002ecc   Section        0  rs485.o(i.RS485_TX)
    i.RS485_TXStr                            0x08002efc   Section        0  rs485.o(i.RS485_TXStr)
    i.SVC_Handler                            0x08002f2c   Section        0  stm32f10x_it.o(i.SVC_Handler)
    i.SetSysClock                            0x08002f2e   Section        0  system_stm32f10x.o(i.SetSysClock)
    SetSysClock                              0x08002f2f   Thumb Code     8  system_stm32f10x.o(i.SetSysClock)
    i.SetSysClockTo72                        0x08002f38   Section        0  system_stm32f10x.o(i.SetSysClockTo72)
    SetSysClockTo72                          0x08002f39   Thumb Code   214  system_stm32f10x.o(i.SetSysClockTo72)
    i.SysTick_CLKSourceConfig                0x08003018   Section        0  misc.o(i.SysTick_CLKSourceConfig)
    i.SysTick_Handler                        0x08003040   Section        0  stm32f10x_it.o(i.SysTick_Handler)
    i.SystemInit                             0x08003044   Section        0  system_stm32f10x.o(i.SystemInit)
    i.USART1_IRQHandler                      0x080030a4   Section        0  usart.o(i.USART1_IRQHandler)
    i.USART3_IRQHandler                      0x0800312c   Section        0  rs485.o(i.USART3_IRQHandler)
    i.USART_Cmd                              0x0800316c   Section        0  stm32f10x_usart.o(i.USART_Cmd)
    i.USART_GetFlagStatus                    0x08003184   Section        0  stm32f10x_usart.o(i.USART_GetFlagStatus)
    i.USART_GetITStatus                      0x0800319e   Section        0  stm32f10x_usart.o(i.USART_GetITStatus)
    i.USART_ITConfig                         0x080031f2   Section        0  stm32f10x_usart.o(i.USART_ITConfig)
    i.USART_Init                             0x0800323c   Section        0  stm32f10x_usart.o(i.USART_Init)
    i.USART_ReceiveData                      0x08003314   Section        0  stm32f10x_usart.o(i.USART_ReceiveData)
    i.USART_SendData                         0x0800331e   Section        0  stm32f10x_usart.o(i.USART_SendData)
    i.UsageFault_Handler                     0x08003326   Section        0  stm32f10x_it.o(i.UsageFault_Handler)
    i.ValuetoVolt                            0x0800332c   Section        0  funn.o(i.ValuetoVolt)
    i.VolttoValue                            0x08003374   Section        0  funn.o(i.VolttoValue)
    i.__ARM_fpclassify                       0x080033b8   Section        0  fpclassify.o(i.__ARM_fpclassify)
    i._is_digit                              0x080033e0   Section        0  __printf_wp.o(i._is_digit)
    i._sys_exit                              0x080033ee   Section        0  usart.o(i._sys_exit)
    i.brightness                             0x080033f4   Section        0  rscg12864b.o(i.brightness)
    i.clear                                  0x08003416   Section        0  rscg12864b.o(i.clear)
    i.delay_init                             0x08003430   Section        0  delay.o(i.delay_init)
    i.delay_ms                               0x08003474   Section        0  delay.o(i.delay_ms)
    i.delay_us                               0x080034c0   Section        0  delay.o(i.delay_us)
    i.main                                   0x0800350c   Section        0  main.o(i.main)
    i.print_string_5x7_xy                    0x08003544   Section        0  rscg12864b.o(i.print_string_5x7_xy)
    locale$$code                             0x08003590   Section       44  lc_numeric_c.o(locale$$code)
    x$fpl$d2f                                0x080035bc   Section       98  d2f.o(x$fpl$d2f)
    x$fpl$ddiv                               0x08003620   Section      688  ddiv.o(x$fpl$ddiv)
    ddiv_entry                               0x08003627   Thumb Code     0  ddiv.o(x$fpl$ddiv)
    x$fpl$dfltu                              0x080038d0   Section       38  dflt_clz.o(x$fpl$dfltu)
    x$fpl$dmul                               0x080038f8   Section      340  dmul.o(x$fpl$dmul)
    x$fpl$dnaninf                            0x08003a4c   Section      156  dnaninf.o(x$fpl$dnaninf)
    x$fpl$dretinf                            0x08003ae8   Section       12  dretinf.o(x$fpl$dretinf)
    x$fpl$f2d                                0x08003af4   Section       86  f2d.o(x$fpl$f2d)
    x$fpl$fdiv                               0x08003b4c   Section      388  fdiv.o(x$fpl$fdiv)
    _fdiv1                                   0x08003b4d   Thumb Code     0  fdiv.o(x$fpl$fdiv)
    x$fpl$ffixu                              0x08003cd0   Section       62  ffixu.o(x$fpl$ffixu)
    x$fpl$fmul                               0x08003d10   Section      258  fmul.o(x$fpl$fmul)
    x$fpl$fnaninf                            0x08003e12   Section      140  fnaninf.o(x$fpl$fnaninf)
    x$fpl$fretinf                            0x08003e9e   Section       10  fretinf.o(x$fpl$fretinf)
    x$fpl$printf1                            0x08003ea8   Section        4  printf1.o(x$fpl$printf1)
    .constdata                               0x08003eac   Section       40  _printf_hex_int.o(.constdata)
    x$fpl$usenofp                            0x08003eac   Section        0  usenofp.o(x$fpl$usenofp)
    uc_hextab                                0x08003eac   Data          20  _printf_hex_int.o(.constdata)
    lc_hextab                                0x08003ec0   Data          20  _printf_hex_int.o(.constdata)
    .constdata                               0x08003ed4   Section      148  bigflt0.o(.constdata)
    tenpwrs_x                                0x08003ed4   Data          60  bigflt0.o(.constdata)
    tenpwrs_i                                0x08003f10   Data          64  bigflt0.o(.constdata)
    .conststring                             0x08003f68   Section      151  funn.o(.conststring)
    locale$$data                             0x08004020   Section       28  lc_numeric_c.o(locale$$data)
    __lcnum_c_name                           0x08004024   Data           2  lc_numeric_c.o(locale$$data)
    __lcnum_c_start                          0x0800402c   Data           0  lc_numeric_c.o(locale$$data)
    __lcnum_c_point                          0x08004038   Data           0  lc_numeric_c.o(locale$$data)
    __lcnum_c_thousands                      0x0800403a   Data           0  lc_numeric_c.o(locale$$data)
    __lcnum_c_grouping                       0x0800403b   Data           0  lc_numeric_c.o(locale$$data)
    __lcnum_c_end                            0x0800403c   Data           0  lc_numeric_c.o(locale$$data)
    .data                                    0x20000000   Section       20  stm32f10x_rcc.o(.data)
    APBAHBPrescTable                         0x20000000   Data          16  stm32f10x_rcc.o(.data)
    ADCPrescTable                            0x20000010   Data           4  stm32f10x_rcc.o(.data)
    .data                                    0x20000014   Section       20  system_stm32f10x.o(.data)
    .data                                    0x20000028   Section        4  delay.o(.data)
    fac_us                                   0x20000028   Data           1  delay.o(.data)
    fac_ms                                   0x2000002a   Data           2  delay.o(.data)
    .data                                    0x2000002c   Section        6  usart.o(.data)
    .data                                    0x20000034   Section        8  rs485.o(.data)
    .data                                    0x2000003c   Section       12  funn.o(.data)
    .bss                                     0x20000048   Section      200  usart.o(.bss)
    .bss                                     0x20000110   Section     1024  rs485.o(.bss)
    .bss                                     0x20000510   Section      220  display.o(.bss)
    gaMessageBuffer                          0x20000510   Data         220  display.o(.bss)
    .bss                                     0x200005ec   Section      434  funn.o(.bss)
    gaMessageBuffer                          0x200005ec   Data         220  funn.o(.bss)
    .bss                                     0x200007a0   Section       96  libspace.o(.bss)
    HEAP                                     0x20000800   Section      512  startup_stm32f10x_md.o(HEAP)
    Heap_Mem                                 0x20000800   Data         512  startup_stm32f10x_md.o(HEAP)
    STACK                                    0x20000a00   Section     1024  startup_stm32f10x_md.o(STACK)
    Stack_Mem                                0x20000a00   Data        1024  startup_stm32f10x_md.o(STACK)
    __initial_sp                             0x20000e00   Data           0  startup_stm32f10x_md.o(STACK)

    Global Symbols

    Symbol Name                              Value     Ov Type        Size  Object(Section)

    BuildAttributes$$THM_ISAv4$P$D$K$B$S$PE$A:L22UL41UL21$X:L11$S22US41US21$IEEE1$IW$USESV6$~STKCKD$USESV7$~SHL$OTIME$ROPI$IEEEJ$EBA8$UX$STANDARDLIB$REQ8$PRES8$EABIv2 0x00000000   Number         0  anon$$obj.o ABSOLUTE
    __ARM_use_no_argv                        0x00000000   Number         0  main.o ABSOLUTE
    _printf_flags                            0x00000000   Number         0  printf_stubs.o ABSOLUTE
    _printf_return_value                     0x00000000   Number         0  printf_stubs.o ABSOLUTE
    _printf_sizespec                         0x00000000   Number         0  printf_stubs.o ABSOLUTE
    _printf_widthprec                        0x00000000   Number         0  printf_stubs.o ABSOLUTE
    __ARM_exceptions_init                     - Undefined Weak Reference
    __alloca_initialize                       - Undefined Weak Reference
    __arm_preinit_                            - Undefined Weak Reference
    __cpp_initialize__aeabi_                  - Undefined Weak Reference
    __cxa_finalize                            - Undefined Weak Reference
    __sigvec_lookup                           - Undefined Weak Reference
    _atexit_init                              - Undefined Weak Reference
    _call_atexit_fns                          - Undefined Weak Reference
    _clock_init                               - Undefined Weak Reference
    _fp_trap_init                             - Undefined Weak Reference
    _fp_trap_shutdown                         - Undefined Weak Reference
    _get_lc_collate                           - Undefined Weak Reference
    _get_lc_ctype                             - Undefined Weak Reference
    _get_lc_monetary                          - Undefined Weak Reference
    _get_lc_time                              - Undefined Weak Reference
    _getenv_init                              - Undefined Weak Reference
    _handle_redirection                       - Undefined Weak Reference
    _init_alloc                               - Undefined Weak Reference
    _init_user_alloc                          - Undefined Weak Reference
    _initio                                   - Undefined Weak Reference
    _printf_truncate_unsigned                 - Undefined Weak Reference
    _rand_init                                - Undefined Weak Reference
    _signal_finish                            - Undefined Weak Reference
    _signal_init                              - Undefined Weak Reference
    _terminate_alloc                          - Undefined Weak Reference
    _terminate_user_alloc                     - Undefined Weak Reference
    _terminateio                              - Undefined Weak Reference
    __Vectors_Size                           0x000000ec   Number         0  startup_stm32f10x_md.o ABSOLUTE
    __Vectors                                0x08000000   Data           4  startup_stm32f10x_md.o(RESET)
    __Vectors_End                            0x080000ec   Data           0  startup_stm32f10x_md.o(RESET)
    __main                                   0x080000ed   Thumb Code     8  __main.o(!!!main)
    __scatterload                            0x080000f5   Thumb Code     0  __scatter.o(!!!scatter)
    __scatterload_rt2                        0x080000f5   Thumb Code    44  __scatter.o(!!!scatter)
    __scatterload_rt2_thumb_only             0x080000f5   Thumb Code     0  __scatter.o(!!!scatter)
    __scatterload_null                       0x08000103   Thumb Code     0  __scatter.o(!!!scatter)
    __scatterload_copy                       0x08000129   Thumb Code    26  __scatter_copy.o(!!handler_copy)
    __scatterload_zeroinit                   0x08000145   Thumb Code    28  __scatter_zi.o(!!handler_zi)
    _printf_f                                0x08000161   Thumb Code     0  _printf_f.o(.ARM.Collect$$_printf_percent$$00000003)
    _printf_percent                          0x08000161   Thumb Code     0  _printf_percent.o(.ARM.Collect$$_printf_percent$$00000000)
    _printf_x                                0x08000167   Thumb Code     0  _printf_x.o(.ARM.Collect$$_printf_percent$$0000000C)
    _printf_percent_end                      0x0800016d   Thumb Code     0  _printf_percent_end.o(.ARM.Collect$$_printf_percent$$00000017)
    __rt_lib_init                            0x08000171   Thumb Code     0  libinit.o(.ARM.Collect$$libinit$$00000000)
    __rt_lib_init_fp_1                       0x08000173   Thumb Code     0  libinit2.o(.ARM.Collect$$libinit$$00000002)
    __rt_lib_init_heap_1                     0x08000173   Thumb Code     0  libinit2.o(.ARM.Collect$$libinit$$0000000A)
    __rt_lib_init_lc_common                  0x08000173   Thumb Code     0  libinit2.o(.ARM.Collect$$libinit$$0000000F)
    __rt_lib_init_preinit_1                  0x08000173   Thumb Code     0  libinit2.o(.ARM.Collect$$libinit$$00000004)
    __rt_lib_init_rand_1                     0x08000173   Thumb Code     0  libinit2.o(.ARM.Collect$$libinit$$0000000E)
    __rt_lib_init_user_alloc_1               0x08000173   Thumb Code     0  libinit2.o(.ARM.Collect$$libinit$$0000000C)
    __rt_lib_init_lc_collate_1               0x08000179   Thumb Code     0  libinit2.o(.ARM.Collect$$libinit$$00000011)
    __rt_lib_init_lc_ctype_1                 0x08000179   Thumb Code     0  libinit2.o(.ARM.Collect$$libinit$$00000013)
    __rt_lib_init_lc_monetary_1              0x08000179   Thumb Code     0  libinit2.o(.ARM.Collect$$libinit$$00000015)
    __rt_lib_init_lc_numeric_2               0x08000179   Thumb Code     0  libinit2.o(.ARM.Collect$$libinit$$00000016)
    __rt_lib_init_alloca_1                   0x08000183   Thumb Code     0  libinit2.o(.ARM.Collect$$libinit$$0000002E)
    __rt_lib_init_argv_1                     0x08000183   Thumb Code     0  libinit2.o(.ARM.Collect$$libinit$$0000002C)
    __rt_lib_init_atexit_1                   0x08000183   Thumb Code     0  libinit2.o(.ARM.Collect$$libinit$$0000001B)
    __rt_lib_init_clock_1                    0x08000183   Thumb Code     0  libinit2.o(.ARM.Collect$$libinit$$00000021)
    __rt_lib_init_cpp_1                      0x08000183   Thumb Code     0  libinit2.o(.ARM.Collect$$libinit$$00000032)
    __rt_lib_init_exceptions_1               0x08000183   Thumb Code     0  libinit2.o(.ARM.Collect$$libinit$$00000030)
    __rt_lib_init_fp_trap_1                  0x08000183   Thumb Code     0  libinit2.o(.ARM.Collect$$libinit$$0000001F)
    __rt_lib_init_getenv_1                   0x08000183   Thumb Code     0  libinit2.o(.ARM.Collect$$libinit$$00000023)
    __rt_lib_init_lc_numeric_1               0x08000183   Thumb Code     0  libinit2.o(.ARM.Collect$$libinit$$00000017)
    __rt_lib_init_lc_time_1                  0x08000183   Thumb Code     0  libinit2.o(.ARM.Collect$$libinit$$00000019)
    __rt_lib_init_return                     0x08000183   Thumb Code     0  libinit2.o(.ARM.Collect$$libinit$$00000033)
    __rt_lib_init_signal_1                   0x08000183   Thumb Code     0  libinit2.o(.ARM.Collect$$libinit$$0000001D)
    __rt_lib_init_stdio_1                    0x08000183   Thumb Code     0  libinit2.o(.ARM.Collect$$libinit$$00000025)
    __rt_lib_shutdown                        0x08000185   Thumb Code     0  libshutdown.o(.ARM.Collect$$libshutdown$$00000000)
    __rt_lib_shutdown_fp_trap_1              0x08000187   Thumb Code     0  libshutdown2.o(.ARM.Collect$$libshutdown$$00000006)
    __rt_lib_shutdown_heap_1                 0x08000187   Thumb Code     0  libshutdown2.o(.ARM.Collect$$libshutdown$$0000000E)
    __rt_lib_shutdown_return                 0x08000187   Thumb Code     0  libshutdown2.o(.ARM.Collect$$libshutdown$$0000000F)
    __rt_lib_shutdown_signal_1               0x08000187   Thumb Code     0  libshutdown2.o(.ARM.Collect$$libshutdown$$00000009)
    __rt_lib_shutdown_stdio_1                0x08000187   Thumb Code     0  libshutdown2.o(.ARM.Collect$$libshutdown$$00000003)
    __rt_lib_shutdown_user_alloc_1           0x08000187   Thumb Code     0  libshutdown2.o(.ARM.Collect$$libshutdown$$0000000B)
    __rt_entry                               0x08000189   Thumb Code     0  __rtentry.o(.ARM.Collect$$rtentry$$00000000)
    __rt_entry_presh_1                       0x08000189   Thumb Code     0  __rtentry2.o(.ARM.Collect$$rtentry$$00000002)
    __rt_entry_sh                            0x08000189   Thumb Code     0  __rtentry4.o(.ARM.Collect$$rtentry$$00000004)
    __rt_entry_li                            0x0800018f   Thumb Code     0  __rtentry2.o(.ARM.Collect$$rtentry$$0000000A)
    __rt_entry_postsh_1                      0x0800018f   Thumb Code     0  __rtentry2.o(.ARM.Collect$$rtentry$$00000009)
    __rt_entry_main                          0x08000193   Thumb Code     0  __rtentry2.o(.ARM.Collect$$rtentry$$0000000D)
    __rt_entry_postli_1                      0x08000193   Thumb Code     0  __rtentry2.o(.ARM.Collect$$rtentry$$0000000C)
    __rt_exit                                0x0800019b   Thumb Code     0  rtexit.o(.ARM.Collect$$rtexit$$00000000)
    __rt_exit_ls                             0x0800019d   Thumb Code     0  rtexit2.o(.ARM.Collect$$rtexit$$00000003)
    __rt_exit_prels_1                        0x0800019d   Thumb Code     0  rtexit2.o(.ARM.Collect$$rtexit$$00000002)
    __rt_exit_exit                           0x080001a1   Thumb Code     0  rtexit2.o(.ARM.Collect$$rtexit$$00000004)
    Reset_Handler                            0x080001a9   Thumb Code     8  startup_stm32f10x_md.o(.text)
    ADC1_2_IRQHandler                        0x080001c3   Thumb Code     0  startup_stm32f10x_md.o(.text)
    CAN1_RX1_IRQHandler                      0x080001c3   Thumb Code     0  startup_stm32f10x_md.o(.text)
    CAN1_SCE_IRQHandler                      0x080001c3   Thumb Code     0  startup_stm32f10x_md.o(.text)
    DMA1_Channel1_IRQHandler                 0x080001c3   Thumb Code     0  startup_stm32f10x_md.o(.text)
    DMA1_Channel2_IRQHandler                 0x080001c3   Thumb Code     0  startup_stm32f10x_md.o(.text)
    DMA1_Channel3_IRQHandler                 0x080001c3   Thumb Code     0  startup_stm32f10x_md.o(.text)
    DMA1_Channel4_IRQHandler                 0x080001c3   Thumb Code     0  startup_stm32f10x_md.o(.text)
    DMA1_Channel5_IRQHandler                 0x080001c3   Thumb Code     0  startup_stm32f10x_md.o(.text)
    DMA1_Channel6_IRQHandler                 0x080001c3   Thumb Code     0  startup_stm32f10x_md.o(.text)
    DMA1_Channel7_IRQHandler                 0x080001c3   Thumb Code     0  startup_stm32f10x_md.o(.text)
    EXTI0_IRQHandler                         0x080001c3   Thumb Code     0  startup_stm32f10x_md.o(.text)
    EXTI15_10_IRQHandler                     0x080001c3   Thumb Code     0  startup_stm32f10x_md.o(.text)
    EXTI1_IRQHandler                         0x080001c3   Thumb Code     0  startup_stm32f10x_md.o(.text)
    EXTI2_IRQHandler                         0x080001c3   Thumb Code     0  startup_stm32f10x_md.o(.text)
    EXTI3_IRQHandler                         0x080001c3   Thumb Code     0  startup_stm32f10x_md.o(.text)
    EXTI4_IRQHandler                         0x080001c3   Thumb Code     0  startup_stm32f10x_md.o(.text)
    EXTI9_5_IRQHandler                       0x080001c3   Thumb Code     0  startup_stm32f10x_md.o(.text)
    FLASH_IRQHandler                         0x080001c3   Thumb Code     0  startup_stm32f10x_md.o(.text)
    I2C1_ER_IRQHandler                       0x080001c3   Thumb Code     0  startup_stm32f10x_md.o(.text)
    I2C1_EV_IRQHandler                       0x080001c3   Thumb Code     0  startup_stm32f10x_md.o(.text)
    I2C2_ER_IRQHandler                       0x080001c3   Thumb Code     0  startup_stm32f10x_md.o(.text)
    I2C2_EV_IRQHandler                       0x080001c3   Thumb Code     0  startup_stm32f10x_md.o(.text)
    PVD_IRQHandler                           0x080001c3   Thumb Code     0  startup_stm32f10x_md.o(.text)
    RCC_IRQHandler                           0x080001c3   Thumb Code     0  startup_stm32f10x_md.o(.text)
    RTCAlarm_IRQHandler                      0x080001c3   Thumb Code     0  startup_stm32f10x_md.o(.text)
    RTC_IRQHandler                           0x080001c3   Thumb Code     0  startup_stm32f10x_md.o(.text)
    SPI1_IRQHandler                          0x080001c3   Thumb Code     0  startup_stm32f10x_md.o(.text)
    SPI2_IRQHandler                          0x080001c3   Thumb Code     0  startup_stm32f10x_md.o(.text)
    TAMPER_IRQHandler                        0x080001c3   Thumb Code     0  startup_stm32f10x_md.o(.text)
    TIM1_BRK_IRQHandler                      0x080001c3   Thumb Code     0  startup_stm32f10x_md.o(.text)
    TIM1_CC_IRQHandler                       0x080001c3   Thumb Code     0  startup_stm32f10x_md.o(.text)
    TIM1_TRG_COM_IRQHandler                  0x080001c3   Thumb Code     0  startup_stm32f10x_md.o(.text)
    TIM1_UP_IRQHandler                       0x080001c3   Thumb Code     0  startup_stm32f10x_md.o(.text)
    TIM2_IRQHandler                          0x080001c3   Thumb Code     0  startup_stm32f10x_md.o(.text)
    TIM3_IRQHandler                          0x080001c3   Thumb Code     0  startup_stm32f10x_md.o(.text)
    TIM4_IRQHandler                          0x080001c3   Thumb Code     0  startup_stm32f10x_md.o(.text)
    USART2_IRQHandler                        0x080001c3   Thumb Code     0  startup_stm32f10x_md.o(.text)
    USBWakeUp_IRQHandler                     0x080001c3   Thumb Code     0  startup_stm32f10x_md.o(.text)
    USB_HP_CAN1_TX_IRQHandler                0x080001c3   Thumb Code     0  startup_stm32f10x_md.o(.text)
    USB_LP_CAN1_RX0_IRQHandler               0x080001c3   Thumb Code     0  startup_stm32f10x_md.o(.text)
    WWDG_IRQHandler                          0x080001c3   Thumb Code     0  startup_stm32f10x_md.o(.text)
    __user_initial_stackheap                 0x080001c5   Thumb Code     0  startup_stm32f10x_md.o(.text)
    __use_no_semihosting                     0x080001e9   Thumb Code     2  use_no_semi_2.o(.text)
    __2sprintf                               0x080001ed   Thumb Code    34  noretval__2sprintf.o(.text)
    _printf_pre_padding                      0x08000215   Thumb Code    44  _printf_pad.o(.text)
    _printf_post_padding                     0x08000241   Thumb Code    34  _printf_pad.o(.text)
    _printf_int_hex                          0x08000265   Thumb Code    84  _printf_hex_int.o(.text)
    _printf_longlong_hex                     0x08000265   Thumb Code     0  _printf_hex_int.o(.text)
    __printf                                 0x080002bd   Thumb Code   270  __printf_wp.o(.text)
    strstr                                   0x080003cb   Thumb Code    36  strstr.o(.text)
    strcat                                   0x080003ef   Thumb Code    24  strcat.o(.text)
    __aeabi_memclr                           0x08000407   Thumb Code     0  rt_memclr.o(.text)
    __rt_memclr                              0x08000407   Thumb Code    68  rt_memclr.o(.text)
    _memset                                  0x0800040b   Thumb Code     0  rt_memclr.o(.text)
    __aeabi_memclr4                          0x0800044b   Thumb Code     0  rt_memclr_w.o(.text)
    __aeabi_memclr8                          0x0800044b   Thumb Code     0  rt_memclr_w.o(.text)
    __rt_memclr_w                            0x0800044b   Thumb Code    78  rt_memclr_w.o(.text)
    _memset_w                                0x0800044f   Thumb Code     0  rt_memclr_w.o(.text)
    __use_two_region_memory                  0x08000499   Thumb Code     2  heapauxi.o(.text)
    __rt_heap_escrow$2region                 0x0800049b   Thumb Code     2  heapauxi.o(.text)
    __rt_heap_expand$2region                 0x0800049d   Thumb Code     2  heapauxi.o(.text)
    __I$use$semihosting                      0x0800049f   Thumb Code     0  use_no_semi.o(.text)
    __use_no_semihosting_swi                 0x0800049f   Thumb Code     2  use_no_semi.o(.text)
    _printf_int_common                       0x080004a1   Thumb Code   178  _printf_intcommon.o(.text)
    __lib_sel_fp_printf                      0x08000553   Thumb Code     2  _printf_fp_dec.o(.text)
    _printf_fp_dec_real                      0x08000701   Thumb Code   620  _printf_fp_dec.o(.text)
    _printf_char_common                      0x08000977   Thumb Code    32  _printf_char_common.o(.text)
    _sputc                                   0x0800099d   Thumb Code    10  _sputc.o(.text)
    __rt_locale                              0x080009a9   Thumb Code     8  rt_locale_intlibspace.o(.text)
    _ll_udiv10                               0x080009b1   Thumb Code   138  lludiv10.o(.text)
    _printf_fp_infnan                        0x08000a3d   Thumb Code   112  _printf_fp_infnan.o(.text)
    _btod_etento                             0x08000abd   Thumb Code   216  bigflt0.o(.text)
    __user_libspace                          0x08000b99   Thumb Code     8  libspace.o(.text)
    __user_perproc_libspace                  0x08000b99   Thumb Code     0  libspace.o(.text)
    __user_perthread_libspace                0x08000b99   Thumb Code     0  libspace.o(.text)
    __user_setup_stackheap                   0x08000ba1   Thumb Code    74  sys_stackheap_outer.o(.text)
    exit                                     0x08000beb   Thumb Code    12  exit.o(.text)
    strcmp                                   0x08000bf9   Thumb Code   128  strcmpv7m.o(.text)
    _btod_d2e                                0x08000c79   Thumb Code    62  btod.o(CL$$btod_d2e)
    _d2e_denorm_low                          0x08000cb7   Thumb Code    70  btod.o(CL$$btod_d2e_denorm_low)
    _d2e_norm_op1                            0x08000cfd   Thumb Code    96  btod.o(CL$$btod_d2e_norm_op1)
    __btod_div_common                        0x08000d5d   Thumb Code   696  btod.o(CL$$btod_div_common)
    _e2e                                     0x08001095   Thumb Code   198  btod.o(CL$$btod_e2e)
    _btod_ediv                               0x0800115b   Thumb Code    40  btod.o(CL$$btod_ediv)
    _btod_emul                               0x08001183   Thumb Code    40  btod.o(CL$$btod_emul)
    __btod_mult_common                       0x080011ab   Thumb Code   580  btod.o(CL$$btod_mult_common)
    ADC_Cmd                                  0x080013ef   Thumb Code    22  stm32f10x_adc.o(i.ADC_Cmd)
    ADC_DeInit                               0x08001405   Thumb Code    78  stm32f10x_adc.o(i.ADC_DeInit)
    ADC_GetCalibrationStatus                 0x08001461   Thumb Code    20  stm32f10x_adc.o(i.ADC_GetCalibrationStatus)
    ADC_GetConversionValue                   0x08001475   Thumb Code     8  stm32f10x_adc.o(i.ADC_GetConversionValue)
    ADC_GetFlagStatus                        0x0800147d   Thumb Code    18  stm32f10x_adc.o(i.ADC_GetFlagStatus)
    ADC_GetResetCalibrationStatus            0x0800148f   Thumb Code    20  stm32f10x_adc.o(i.ADC_GetResetCalibrationStatus)
    ADC_Init                                 0x080014a5   Thumb Code    70  stm32f10x_adc.o(i.ADC_Init)
    ADC_RegularChannelConfig                 0x080014f5   Thumb Code   184  stm32f10x_adc.o(i.ADC_RegularChannelConfig)
    ADC_ResetCalibration                     0x080015ad   Thumb Code    10  stm32f10x_adc.o(i.ADC_ResetCalibration)
    ADC_SoftwareStartConvCmd                 0x080015b7   Thumb Code    22  stm32f10x_adc.o(i.ADC_SoftwareStartConvCmd)
    ADC_StartCalibration                     0x080015cd   Thumb Code    10  stm32f10x_adc.o(i.ADC_StartCalibration)
    Adc_Init                                 0x080015d9   Thumb Code   140  adc.o(i.Adc_Init)
    BusFault_Handler                         0x08001671   Thumb Code     4  stm32f10x_it.o(i.BusFault_Handler)
    Buz_Out_Over                             0x08001675   Thumb Code    76  io.o(i.Buz_Out_Over)
    Check_5VandPassValue                     0x080016c9   Thumb Code   650  funn.o(i.Check_5VandPassValue)
    Check_72Vand33V                          0x08001aad   Thumb Code   384  funn.o(i.Check_72Vand33V)
    Check_ErrorMsg                           0x08001d0d   Thumb Code   440  funn.o(i.Check_ErrorMsg)
    Check_Page1                              0x08001f59   Thumb Code    18  main.o(i.Check_Page1)
    Check_Page2                              0x08001f85   Thumb Code    26  main.o(i.Check_Page2)
    Check_Page3                              0x08001fb9   Thumb Code    26  main.o(i.Check_Page3)
    Check_Page4                              0x08001fed   Thumb Code    18  main.o(i.Check_Page4)
    Check_ReadClock                          0x08002019   Thumb Code   122  funn.o(i.Check_ReadClock)
    Check_ReadClockAgain                     0x080020e1   Thumb Code   122  funn.o(i.Check_ReadClockAgain)
    Check_Reboot                             0x080021a9   Thumb Code   110  funn.o(i.Check_Reboot)
    Check_Rs485andSetPass                    0x08002251   Thumb Code   242  funn.o(i.Check_Rs485andSetPass)
    Check_Sleep                              0x080023f5   Thumb Code   118  funn.o(i.Check_Sleep)
    DPY_Clear                                0x080024f9   Thumb Code    46  display.o(i.DPY_Clear)
    DPY_Init                                 0x0800252d   Thumb Code    28  display.o(i.DPY_Init)
    DPY_SetNewMsg                            0x08002575   Thumb Code    90  display.o(i.DPY_SetNewMsg)
    DPY_SetSpd                               0x080025d5   Thumb Code   194  display.o(i.DPY_SetSpd)
    DPY_SetTil                               0x08002697   Thumb Code    18  display.o(i.DPY_SetTil)
    DebugMon_Handler                         0x080026a9   Thumb Code     2  stm32f10x_it.o(i.DebugMon_Handler)
    GPIO_Init                                0x080026ab   Thumb Code   278  stm32f10x_gpio.o(i.GPIO_Init)
    GPIO_PinRemapConfig                      0x080027c1   Thumb Code   138  stm32f10x_gpio.o(i.GPIO_PinRemapConfig)
    GPIO_ResetBits                           0x08002851   Thumb Code     4  stm32f10x_gpio.o(i.GPIO_ResetBits)
    GPIO_SetBits                             0x08002855   Thumb Code     4  stm32f10x_gpio.o(i.GPIO_SetBits)
    Get_Adc                                  0x08002859   Thumb Code    46  adc.o(i.Get_Adc)
    Get_Adc_Average                          0x0800288d   Thumb Code    46  adc.o(i.Get_Adc_Average)
    HardFault_Handler                        0x080028bb   Thumb Code     4  stm32f10x_it.o(i.HardFault_Handler)
    I2C_Clock                                0x080028c1   Thumb Code    32  rscg12864b.o(i.I2C_Clock)
    I2C_Initial                              0x080028e5   Thumb Code    78  rscg12864b.o(i.I2C_Initial)
    I2C_Send                                 0x08002939   Thumb Code    58  rscg12864b.o(i.I2C_Send)
    I2C_Start                                0x08002979   Thumb Code    54  rscg12864b.o(i.I2C_Start)
    I2C_Stop                                 0x080029b5   Thumb Code    64  rscg12864b.o(i.I2C_Stop)
    IO_Init                                  0x080029f9   Thumb Code   158  io.o(i.IO_Init)
    MemManage_Handler                        0x08002aa9   Thumb Code     4  stm32f10x_it.o(i.MemManage_Handler)
    NMI_Handler                              0x08002aad   Thumb Code     2  stm32f10x_it.o(i.NMI_Handler)
    NVIC_Init                                0x08002ab1   Thumb Code   100  misc.o(i.NVIC_Init)
    NVIC_PriorityGroupConfig                 0x08002b21   Thumb Code    10  misc.o(i.NVIC_PriorityGroupConfig)
    PI_Out                                   0x08002b35   Thumb Code   210  io.o(i.PI_Out)
    PendSV_Handler                           0x08002c11   Thumb Code     2  stm32f10x_it.o(i.PendSV_Handler)
    RCC_ADCCLKConfig                         0x08002c15   Thumb Code    18  stm32f10x_rcc.o(i.RCC_ADCCLKConfig)
    RCC_APB1PeriphClockCmd                   0x08002c2d   Thumb Code    26  stm32f10x_rcc.o(i.RCC_APB1PeriphClockCmd)
    RCC_APB1PeriphResetCmd                   0x08002c4d   Thumb Code    26  stm32f10x_rcc.o(i.RCC_APB1PeriphResetCmd)
    RCC_APB2PeriphClockCmd                   0x08002c6d   Thumb Code    26  stm32f10x_rcc.o(i.RCC_APB2PeriphClockCmd)
    RCC_APB2PeriphResetCmd                   0x08002c8d   Thumb Code    26  stm32f10x_rcc.o(i.RCC_APB2PeriphResetCmd)
    RCC_GetClocksFreq                        0x08002cad   Thumb Code   192  stm32f10x_rcc.o(i.RCC_GetClocksFreq)
    RS485_Init                               0x08002d81   Thumb Code   212  rs485.o(i.RS485_Init)
    RS485_RXStr                              0x08002e65   Thumb Code    94  rs485.o(i.RS485_RXStr)
    RS485_TX                                 0x08002ecd   Thumb Code    42  rs485.o(i.RS485_TX)
    RS485_TXStr                              0x08002efd   Thumb Code    44  rs485.o(i.RS485_TXStr)
    SVC_Handler                              0x08002f2d   Thumb Code     2  stm32f10x_it.o(i.SVC_Handler)
    SysTick_CLKSourceConfig                  0x08003019   Thumb Code    40  misc.o(i.SysTick_CLKSourceConfig)
    SysTick_Handler                          0x08003041   Thumb Code     2  stm32f10x_it.o(i.SysTick_Handler)
    SystemInit                               0x08003045   Thumb Code    78  system_stm32f10x.o(i.SystemInit)
    USART1_IRQHandler                        0x080030a5   Thumb Code   122  usart.o(i.USART1_IRQHandler)
    USART3_IRQHandler                        0x0800312d   Thumb Code    52  rs485.o(i.USART3_IRQHandler)
    USART_Cmd                                0x0800316d   Thumb Code    24  stm32f10x_usart.o(i.USART_Cmd)
    USART_GetFlagStatus                      0x08003185   Thumb Code    26  stm32f10x_usart.o(i.USART_GetFlagStatus)
    USART_GetITStatus                        0x0800319f   Thumb Code    84  stm32f10x_usart.o(i.USART_GetITStatus)
    USART_ITConfig                           0x080031f3   Thumb Code    74  stm32f10x_usart.o(i.USART_ITConfig)
    USART_Init                               0x0800323d   Thumb Code   210  stm32f10x_usart.o(i.USART_Init)
    USART_ReceiveData                        0x08003315   Thumb Code    10  stm32f10x_usart.o(i.USART_ReceiveData)
    USART_SendData                           0x0800331f   Thumb Code     8  stm32f10x_usart.o(i.USART_SendData)
    UsageFault_Handler                       0x08003327   Thumb Code     4  stm32f10x_it.o(i.UsageFault_Handler)
    ValuetoVolt                              0x0800332d   Thumb Code    64  funn.o(i.ValuetoVolt)
    VolttoValue                              0x08003375   Thumb Code    64  funn.o(i.VolttoValue)
    __ARM_fpclassify                         0x080033b9   Thumb Code    40  fpclassify.o(i.__ARM_fpclassify)
    _is_digit                                0x080033e1   Thumb Code    14  __printf_wp.o(i._is_digit)
    _sys_exit                                0x080033ef   Thumb Code     6  usart.o(i._sys_exit)
    brightness                               0x080033f5   Thumb Code    34  rscg12864b.o(i.brightness)
    clear                                    0x08003417   Thumb Code    26  rscg12864b.o(i.clear)
    delay_init                               0x08003431   Thumb Code    50  delay.o(i.delay_init)
    delay_ms                                 0x08003475   Thumb Code    72  delay.o(i.delay_ms)
    delay_us                                 0x080034c1   Thumb Code    72  delay.o(i.delay_us)
    main                                     0x0800350d   Thumb Code    56  main.o(i.main)
    print_string_5x7_xy                      0x08003545   Thumb Code    74  rscg12864b.o(i.print_string_5x7_xy)
    _get_lc_numeric                          0x08003591   Thumb Code    44  lc_numeric_c.o(locale$$code)
    __aeabi_d2f                              0x080035bd   Thumb Code     0  d2f.o(x$fpl$d2f)
    _d2f                                     0x080035bd   Thumb Code    98  d2f.o(x$fpl$d2f)
    __aeabi_ddiv                             0x08003621   Thumb Code     0  ddiv.o(x$fpl$ddiv)
    _ddiv                                    0x08003621   Thumb Code   552  ddiv.o(x$fpl$ddiv)
    __aeabi_ui2d                             0x080038d1   Thumb Code     0  dflt_clz.o(x$fpl$dfltu)
    _dfltu                                   0x080038d1   Thumb Code    38  dflt_clz.o(x$fpl$dfltu)
    __aeabi_dmul                             0x080038f9   Thumb Code     0  dmul.o(x$fpl$dmul)
    _dmul                                    0x080038f9   Thumb Code   332  dmul.o(x$fpl$dmul)
    __fpl_dnaninf                            0x08003a4d   Thumb Code   156  dnaninf.o(x$fpl$dnaninf)
    __fpl_dretinf                            0x08003ae9   Thumb Code    12  dretinf.o(x$fpl$dretinf)
    __aeabi_f2d                              0x08003af5   Thumb Code     0  f2d.o(x$fpl$f2d)
    _f2d                                     0x08003af5   Thumb Code    86  f2d.o(x$fpl$f2d)
    __aeabi_fdiv                             0x08003b4d   Thumb Code     0  fdiv.o(x$fpl$fdiv)
    _fdiv                                    0x08003b4d   Thumb Code   384  fdiv.o(x$fpl$fdiv)
    __aeabi_f2uiz                            0x08003cd1   Thumb Code     0  ffixu.o(x$fpl$ffixu)
    _ffixu                                   0x08003cd1   Thumb Code    62  ffixu.o(x$fpl$ffixu)
    __aeabi_fmul                             0x08003d11   Thumb Code     0  fmul.o(x$fpl$fmul)
    _fmul                                    0x08003d11   Thumb Code   258  fmul.o(x$fpl$fmul)
    __fpl_fnaninf                            0x08003e13   Thumb Code   140  fnaninf.o(x$fpl$fnaninf)
    __fpl_fretinf                            0x08003e9f   Thumb Code    10  fretinf.o(x$fpl$fretinf)
    _printf_fp_dec                           0x08003ea9   Thumb Code     4  printf1.o(x$fpl$printf1)
    __I$use$fp                               0x08003eac   Number         0  usenofp.o(x$fpl$usenofp)
    Region$$Table$$Base                      0x08004000   Number         0  anon$$obj.o(Region$$Table)
    Region$$Table$$Limit                     0x08004020   Number         0  anon$$obj.o(Region$$Table)
    SystemCoreClock                          0x20000014   Data           4  system_stm32f10x.o(.data)
    AHBPrescTable                            0x20000018   Data          16  system_stm32f10x.o(.data)
    __stdout                                 0x2000002c   Data           4  usart.o(.data)
    USART_RX_STA                             0x20000030   Data           2  usart.o(.data)
    RS485_RX_CNT                             0x20000034   Data           4  rs485.o(.data)
    RS485_RX_CNT_100MS                       0x20000038   Data           4  rs485.o(.data)
    nPwr72V                                  0x2000003c   Data           2  funn.o(.data)
    nPwr33V                                  0x2000003e   Data           2  funn.o(.data)
    nPwr5V                                   0x20000040   Data           2  funn.o(.data)
    nErr                                     0x20000044   Data           4  funn.o(.data)
    USART_RX_BUF                             0x20000048   Data         200  usart.o(.bss)
    RS485_RX_BUF                             0x20000110   Data        1024  rs485.o(.bss)
    Time1                                    0x200006c8   Data          32  funn.o(.bss)
    Time2                                    0x200006e8   Data          32  funn.o(.bss)
    A                                        0x20000708   Data          50  funn.o(.bss)
    P                                        0x2000073a   Data          50  funn.o(.bss)
    D                                        0x2000076c   Data          50  funn.o(.bss)
    __libspace_start                         0x200007a0   Data          96  libspace.o(.bss)
    __temporary_stack_top$libspace           0x20000800   Data           0  libspace.o(.bss)



==============================================================================

Memory Map of the image

  Image Entry point : 0x080000ed

  Load Region LR_IROM1 (Base: 0x08000000, Size: 0x00004084, Max: 0x00010000, ABSOLUTE)

    Execution Region ER_IROM1 (Base: 0x08000000, Size: 0x0000403c, Max: 0x00010000, ABSOLUTE)

    Base Addr    Size         Type   Attr      Idx    E Section Name        Object

    0x08000000   0x000000ec   Data   RO          838    RESET               startup_stm32f10x_md.o
    0x080000ec   0x00000008   Code   RO         1778  * !!!main             c_w.l(__main.o)
    0x080000f4   0x00000034   Code   RO         2023    !!!scatter          c_w.l(__scatter.o)
    0x08000128   0x0000001a   Code   RO         2025    !!handler_copy      c_w.l(__scatter_copy.o)
    0x08000142   0x00000002   PAD
    0x08000144   0x0000001c   Code   RO         2027    !!handler_zi        c_w.l(__scatter_zi.o)
    0x08000160   0x00000000   Code   RO         1767    .ARM.Collect$$_printf_percent$$00000000  c_w.l(_printf_percent.o)
    0x08000160   0x00000006   Code   RO         1766    .ARM.Collect$$_printf_percent$$00000003  c_w.l(_printf_f.o)
    0x08000166   0x00000006   Code   RO         1765    .ARM.Collect$$_printf_percent$$0000000C  c_w.l(_printf_x.o)
    0x0800016c   0x00000004   Code   RO         1819    .ARM.Collect$$_printf_percent$$00000017  c_w.l(_printf_percent_end.o)
    0x08000170   0x00000002   Code   RO         1901    .ARM.Collect$$libinit$$00000000  c_w.l(libinit.o)
    0x08000172   0x00000000   Code   RO         1903    .ARM.Collect$$libinit$$00000002  c_w.l(libinit2.o)
    0x08000172   0x00000000   Code   RO         1905    .ARM.Collect$$libinit$$00000004  c_w.l(libinit2.o)
    0x08000172   0x00000000   Code   RO         1908    .ARM.Collect$$libinit$$0000000A  c_w.l(libinit2.o)
    0x08000172   0x00000000   Code   RO         1910    .ARM.Collect$$libinit$$0000000C  c_w.l(libinit2.o)
    0x08000172   0x00000000   Code   RO         1912    .ARM.Collect$$libinit$$0000000E  c_w.l(libinit2.o)
    0x08000172   0x00000006   Code   RO         1913    .ARM.Collect$$libinit$$0000000F  c_w.l(libinit2.o)
    0x08000178   0x00000000   Code   RO         1915    .ARM.Collect$$libinit$$00000011  c_w.l(libinit2.o)
    0x08000178   0x00000000   Code   RO         1917    .ARM.Collect$$libinit$$00000013  c_w.l(libinit2.o)
    0x08000178   0x00000000   Code   RO         1919    .ARM.Collect$$libinit$$00000015  c_w.l(libinit2.o)
    0x08000178   0x0000000a   Code   RO         1920    .ARM.Collect$$libinit$$00000016  c_w.l(libinit2.o)
    0x08000182   0x00000000   Code   RO         1921    .ARM.Collect$$libinit$$00000017  c_w.l(libinit2.o)
    0x08000182   0x00000000   Code   RO         1923    .ARM.Collect$$libinit$$00000019  c_w.l(libinit2.o)
    0x08000182   0x00000000   Code   RO         1925    .ARM.Collect$$libinit$$0000001B  c_w.l(libinit2.o)
    0x08000182   0x00000000   Code   RO         1927    .ARM.Collect$$libinit$$0000001D  c_w.l(libinit2.o)
    0x08000182   0x00000000   Code   RO         1929    .ARM.Collect$$libinit$$0000001F  c_w.l(libinit2.o)
    0x08000182   0x00000000   Code   RO         1931    .ARM.Collect$$libinit$$00000021  c_w.l(libinit2.o)
    0x08000182   0x00000000   Code   RO         1933    .ARM.Collect$$libinit$$00000023  c_w.l(libinit2.o)
    0x08000182   0x00000000   Code   RO         1935    .ARM.Collect$$libinit$$00000025  c_w.l(libinit2.o)
    0x08000182   0x00000000   Code   RO         1939    .ARM.Collect$$libinit$$0000002C  c_w.l(libinit2.o)
    0x08000182   0x00000000   Code   RO         1941    .ARM.Collect$$libinit$$0000002E  c_w.l(libinit2.o)
    0x08000182   0x00000000   Code   RO         1943    .ARM.Collect$$libinit$$00000030  c_w.l(libinit2.o)
    0x08000182   0x00000000   Code   RO         1945    .ARM.Collect$$libinit$$00000032  c_w.l(libinit2.o)
    0x08000182   0x00000002   Code   RO         1946    .ARM.Collect$$libinit$$00000033  c_w.l(libinit2.o)
    0x08000184   0x00000002   Code   RO         1974    .ARM.Collect$$libshutdown$$00000000  c_w.l(libshutdown.o)
    0x08000186   0x00000000   Code   RO         1984    .ARM.Collect$$libshutdown$$00000003  c_w.l(libshutdown2.o)
    0x08000186   0x00000000   Code   RO         1987    .ARM.Collect$$libshutdown$$00000006  c_w.l(libshutdown2.o)
    0x08000186   0x00000000   Code   RO         1990    .ARM.Collect$$libshutdown$$00000009  c_w.l(libshutdown2.o)
    0x08000186   0x00000000   Code   RO         1992    .ARM.Collect$$libshutdown$$0000000B  c_w.l(libshutdown2.o)
    0x08000186   0x00000000   Code   RO         1995    .ARM.Collect$$libshutdown$$0000000E  c_w.l(libshutdown2.o)
    0x08000186   0x00000002   Code   RO         1996    .ARM.Collect$$libshutdown$$0000000F  c_w.l(libshutdown2.o)
    0x08000188   0x00000000   Code   RO         1810    .ARM.Collect$$rtentry$$00000000  c_w.l(__rtentry.o)
    0x08000188   0x00000000   Code   RO         1830    .ARM.Collect$$rtentry$$00000002  c_w.l(__rtentry2.o)
    0x08000188   0x00000006   Code   RO         1842    .ARM.Collect$$rtentry$$00000004  c_w.l(__rtentry4.o)
    0x0800018e   0x00000000   Code   RO         1832    .ARM.Collect$$rtentry$$00000009  c_w.l(__rtentry2.o)
    0x0800018e   0x00000004   Code   RO         1833    .ARM.Collect$$rtentry$$0000000A  c_w.l(__rtentry2.o)
    0x08000192   0x00000000   Code   RO         1835    .ARM.Collect$$rtentry$$0000000C  c_w.l(__rtentry2.o)
    0x08000192   0x00000008   Code   RO         1836    .ARM.Collect$$rtentry$$0000000D  c_w.l(__rtentry2.o)
    0x0800019a   0x00000002   Code   RO         1947    .ARM.Collect$$rtexit$$00000000  c_w.l(rtexit.o)
    0x0800019c   0x00000000   Code   RO         1954    .ARM.Collect$$rtexit$$00000002  c_w.l(rtexit2.o)
    0x0800019c   0x00000004   Code   RO         1955    .ARM.Collect$$rtexit$$00000003  c_w.l(rtexit2.o)
    0x080001a0   0x00000006   Code   RO         1956    .ARM.Collect$$rtexit$$00000004  c_w.l(rtexit2.o)
    0x080001a6   0x00000002   PAD
    0x080001a8   0x00000040   Code   RO          839    .text               startup_stm32f10x_md.o
    0x080001e8   0x00000002   Code   RO         1714    .text               c_w.l(use_no_semi_2.o)
    0x080001ea   0x00000002   PAD
    0x080001ec   0x00000028   Code   RO         1718    .text               c_w.l(noretval__2sprintf.o)
    0x08000214   0x0000004e   Code   RO         1722    .text               c_w.l(_printf_pad.o)
    0x08000262   0x00000002   PAD
    0x08000264   0x00000058   Code   RO         1727    .text               c_w.l(_printf_hex_int.o)
    0x080002bc   0x0000010e   Code   RO         1753    .text               c_w.l(__printf_wp.o)
    0x080003ca   0x00000024   Code   RO         1768    .text               c_w.l(strstr.o)
    0x080003ee   0x00000018   Code   RO         1770    .text               c_w.l(strcat.o)
    0x08000406   0x00000044   Code   RO         1772    .text               c_w.l(rt_memclr.o)
    0x0800044a   0x0000004e   Code   RO         1774    .text               c_w.l(rt_memclr_w.o)
    0x08000498   0x00000006   Code   RO         1776    .text               c_w.l(heapauxi.o)
    0x0800049e   0x00000002   Code   RO         1808    .text               c_w.l(use_no_semi.o)
    0x080004a0   0x000000b2   Code   RO         1811    .text               c_w.l(_printf_intcommon.o)
    0x08000552   0x0000041a   Code   RO         1813    .text               c_w.l(_printf_fp_dec.o)
    0x0800096c   0x00000030   Code   RO         1815    .text               c_w.l(_printf_char_common.o)
    0x0800099c   0x0000000a   Code   RO         1817    .text               c_w.l(_sputc.o)
    0x080009a6   0x00000002   PAD
    0x080009a8   0x00000008   Code   RO         1847    .text               c_w.l(rt_locale_intlibspace.o)
    0x080009b0   0x0000008a   Code   RO         1849    .text               c_w.l(lludiv10.o)
    0x08000a3a   0x00000002   PAD
    0x08000a3c   0x00000080   Code   RO         1851    .text               c_w.l(_printf_fp_infnan.o)
    0x08000abc   0x000000dc   Code   RO         1855    .text               c_w.l(bigflt0.o)
    0x08000b98   0x00000008   Code   RO         1887    .text               c_w.l(libspace.o)
    0x08000ba0   0x0000004a   Code   RO         1890    .text               c_w.l(sys_stackheap_outer.o)
    0x08000bea   0x0000000c   Code   RO         1892    .text               c_w.l(exit.o)
    0x08000bf6   0x00000002   PAD
    0x08000bf8   0x00000080   Code   RO         1894    .text               c_w.l(strcmpv7m.o)
    0x08000c78   0x0000003e   Code   RO         1858    CL$$btod_d2e        c_w.l(btod.o)
    0x08000cb6   0x00000046   Code   RO         1860    CL$$btod_d2e_denorm_low  c_w.l(btod.o)
    0x08000cfc   0x00000060   Code   RO         1859    CL$$btod_d2e_norm_op1  c_w.l(btod.o)
    0x08000d5c   0x00000338   Code   RO         1868    CL$$btod_div_common  c_w.l(btod.o)
    0x08001094   0x000000c6   Code   RO         1865    CL$$btod_e2e        c_w.l(btod.o)
    0x0800115a   0x00000028   Code   RO         1862    CL$$btod_ediv       c_w.l(btod.o)
    0x08001182   0x00000028   Code   RO         1861    CL$$btod_emul       c_w.l(btod.o)
    0x080011aa   0x00000244   Code   RO         1867    CL$$btod_mult_common  c_w.l(btod.o)
    0x080013ee   0x00000016   Code   RO          583    i.ADC_Cmd           stm32f10x_adc.o
    0x08001404   0x0000005c   Code   RO          585    i.ADC_DeInit        stm32f10x_adc.o
    0x08001460   0x00000014   Code   RO          591    i.ADC_GetCalibrationStatus  stm32f10x_adc.o
    0x08001474   0x00000008   Code   RO          592    i.ADC_GetConversionValue  stm32f10x_adc.o
    0x0800147c   0x00000012   Code   RO          594    i.ADC_GetFlagStatus  stm32f10x_adc.o
    0x0800148e   0x00000014   Code   RO          597    i.ADC_GetResetCalibrationStatus  stm32f10x_adc.o
    0x080014a2   0x00000002   PAD
    0x080014a4   0x00000050   Code   RO          601    i.ADC_Init          stm32f10x_adc.o
    0x080014f4   0x000000b8   Code   RO          605    i.ADC_RegularChannelConfig  stm32f10x_adc.o
    0x080015ac   0x0000000a   Code   RO          606    i.ADC_ResetCalibration  stm32f10x_adc.o
    0x080015b6   0x00000016   Code   RO          608    i.ADC_SoftwareStartConvCmd  stm32f10x_adc.o
    0x080015cc   0x0000000a   Code   RO          610    i.ADC_StartCalibration  stm32f10x_adc.o
    0x080015d6   0x00000002   PAD
    0x080015d8   0x00000098   Code   RO         1077    i.Adc_Init          adc.o
    0x08001670   0x00000004   Code   RO          919    i.BusFault_Handler  stm32f10x_it.o
    0x08001674   0x00000054   Code   RO         1514    i.Buz_Out_Over      io.o
    0x080016c8   0x000003e4   Code   RO         1638    i.Check_5VandPassValue  funn.o
    0x08001aac   0x00000260   Code   RO         1639    i.Check_72Vand33V   funn.o
    0x08001d0c   0x0000024c   Code   RO         1640    i.Check_ErrorMsg    funn.o
    0x08001f58   0x0000002c   Code   RO          844    i.Check_Page1       main.o
    0x08001f84   0x00000034   Code   RO          845    i.Check_Page2       main.o
    0x08001fb8   0x00000034   Code   RO          846    i.Check_Page3       main.o
    0x08001fec   0x0000002c   Code   RO          847    i.Check_Page4       main.o
    0x08002018   0x000000c8   Code   RO         1641    i.Check_ReadClock   funn.o
    0x080020e0   0x000000c8   Code   RO         1642    i.Check_ReadClockAgain  funn.o
    0x080021a8   0x000000a8   Code   RO         1643    i.Check_Reboot      funn.o
    0x08002250   0x000001a4   Code   RO         1644    i.Check_Rs485andSetPass  funn.o
    0x080023f4   0x000000c4   Code   RO         1645    i.Check_Sleep       funn.o
    0x080024b8   0x00000040   Code   RO         1543    i.DPL_OfferMsgBuf   display.o
    0x080024f8   0x00000034   Code   RO         1544    i.DPY_Clear         display.o
    0x0800252c   0x0000001c   Code   RO         1545    i.DPY_Init          display.o
    0x08002548   0x0000002c   Code   RO         1546    i.DPY_RefreshWindow  display.o
    0x08002574   0x00000060   Code   RO         1547    i.DPY_SetNewMsg     display.o
    0x080025d4   0x000000c2   Code   RO         1548    i.DPY_SetSpd        display.o
    0x08002696   0x00000012   Code   RO         1549    i.DPY_SetTil        display.o
    0x080026a8   0x00000002   Code   RO          920    i.DebugMon_Handler  stm32f10x_it.o
    0x080026aa   0x00000116   Code   RO            7    i.GPIO_Init         stm32f10x_gpio.o
    0x080027c0   0x00000090   Code   RO            9    i.GPIO_PinRemapConfig  stm32f10x_gpio.o
    0x08002850   0x00000004   Code   RO           14    i.GPIO_ResetBits    stm32f10x_gpio.o
    0x08002854   0x00000004   Code   RO           15    i.GPIO_SetBits      stm32f10x_gpio.o
    0x08002858   0x00000034   Code   RO         1078    i.Get_Adc           adc.o
    0x0800288c   0x0000002e   Code   RO         1079    i.Get_Adc_Average   adc.o
    0x080028ba   0x00000004   Code   RO          921    i.HardFault_Handler  stm32f10x_it.o
    0x080028be   0x00000002   PAD
    0x080028c0   0x00000024   Code   RO         1164    i.I2C_Clock         rscg12864b.o
    0x080028e4   0x00000054   Code   RO         1165    i.I2C_Initial       rscg12864b.o
    0x08002938   0x00000040   Code   RO         1166    i.I2C_Send          rscg12864b.o
    0x08002978   0x0000003c   Code   RO         1167    i.I2C_Start         rscg12864b.o
    0x080029b4   0x00000044   Code   RO         1168    i.I2C_Stop          rscg12864b.o
    0x080029f8   0x000000b0   Code   RO         1515    i.IO_Init           io.o
    0x08002aa8   0x00000004   Code   RO          922    i.MemManage_Handler  stm32f10x_it.o
    0x08002aac   0x00000002   Code   RO          923    i.NMI_Handler       stm32f10x_it.o
    0x08002aae   0x00000002   PAD
    0x08002ab0   0x00000070   Code   RO          541    i.NVIC_Init         misc.o
    0x08002b20   0x00000014   Code   RO          542    i.NVIC_PriorityGroupConfig  misc.o
    0x08002b34   0x000000dc   Code   RO         1516    i.PI_Out            io.o
    0x08002c10   0x00000002   Code   RO          924    i.PendSV_Handler    stm32f10x_it.o
    0x08002c12   0x00000002   PAD
    0x08002c14   0x00000018   Code   RO          161    i.RCC_ADCCLKConfig  stm32f10x_rcc.o
    0x08002c2c   0x00000020   Code   RO          163    i.RCC_APB1PeriphClockCmd  stm32f10x_rcc.o
    0x08002c4c   0x00000020   Code   RO          164    i.RCC_APB1PeriphResetCmd  stm32f10x_rcc.o
    0x08002c6c   0x00000020   Code   RO          165    i.RCC_APB2PeriphClockCmd  stm32f10x_rcc.o
    0x08002c8c   0x00000020   Code   RO          166    i.RCC_APB2PeriphResetCmd  stm32f10x_rcc.o
    0x08002cac   0x000000d4   Code   RO          173    i.RCC_GetClocksFreq  stm32f10x_rcc.o
    0x08002d80   0x000000e4   Code   RO         1102    i.RS485_Init        rs485.o
    0x08002e64   0x00000068   Code   RO         1103    i.RS485_RXStr       rs485.o
    0x08002ecc   0x00000030   Code   RO         1106    i.RS485_TX          rs485.o
    0x08002efc   0x00000030   Code   RO         1107    i.RS485_TXStr       rs485.o
    0x08002f2c   0x00000002   Code   RO          925    i.SVC_Handler       stm32f10x_it.o
    0x08002f2e   0x00000008   Code   RO          802    i.SetSysClock       system_stm32f10x.o
    0x08002f36   0x00000002   PAD
    0x08002f38   0x000000e0   Code   RO          803    i.SetSysClockTo72   system_stm32f10x.o
    0x08003018   0x00000028   Code   RO          545    i.SysTick_CLKSourceConfig  misc.o
    0x08003040   0x00000002   Code   RO          926    i.SysTick_Handler   stm32f10x_it.o
    0x08003042   0x00000002   PAD
    0x08003044   0x00000060   Code   RO          805    i.SystemInit        system_stm32f10x.o
    0x080030a4   0x00000088   Code   RO         1036    i.USART1_IRQHandler  usart.o
    0x0800312c   0x00000040   Code   RO         1108    i.USART3_IRQHandler  rs485.o
    0x0800316c   0x00000018   Code   RO          365    i.USART_Cmd         stm32f10x_usart.o
    0x08003184   0x0000001a   Code   RO          368    i.USART_GetFlagStatus  stm32f10x_usart.o
    0x0800319e   0x00000054   Code   RO          369    i.USART_GetITStatus  stm32f10x_usart.o
    0x080031f2   0x0000004a   Code   RO          371    i.USART_ITConfig    stm32f10x_usart.o
    0x0800323c   0x000000d8   Code   RO          372    i.USART_Init        stm32f10x_usart.o
    0x08003314   0x0000000a   Code   RO          379    i.USART_ReceiveData  stm32f10x_usart.o
    0x0800331e   0x00000008   Code   RO          382    i.USART_SendData    stm32f10x_usart.o
    0x08003326   0x00000004   Code   RO          927    i.UsageFault_Handler  stm32f10x_it.o
    0x0800332a   0x00000002   PAD
    0x0800332c   0x00000048   Code   RO         1646    i.ValuetoVolt       funn.o
    0x08003374   0x00000044   Code   RO         1647    i.VolttoValue       funn.o
    0x080033b8   0x00000028   Code   RO         1885    i.__ARM_fpclassify  m_ws.l(fpclassify.o)
    0x080033e0   0x0000000e   Code   RO         1755    i._is_digit         c_w.l(__printf_wp.o)
    0x080033ee   0x00000006   Code   RO         1037    i._sys_exit         usart.o
    0x080033f4   0x00000022   Code   RO         1169    i.brightness        rscg12864b.o
    0x08003416   0x0000001a   Code   RO         1170    i.clear             rscg12864b.o
    0x08003430   0x00000044   Code   RO          982    i.delay_init        delay.o
    0x08003474   0x0000004c   Code   RO          983    i.delay_ms          delay.o
    0x080034c0   0x0000004c   Code   RO          984    i.delay_us          delay.o
    0x0800350c   0x00000038   Code   RO          848    i.main              main.o
    0x08003544   0x0000004a   Code   RO         1208    i.print_string_5x7_xy  rscg12864b.o
    0x0800358e   0x00000002   PAD
    0x08003590   0x0000002c   Code   RO         1881    locale$$code        c_w.l(lc_numeric_c.o)
    0x080035bc   0x00000062   Code   RO         1780    x$fpl$d2f           fz_ws.l(d2f.o)
    0x0800361e   0x00000002   PAD
    0x08003620   0x000002b0   Code   RO         1783    x$fpl$ddiv          fz_ws.l(ddiv.o)
    0x080038d0   0x00000026   Code   RO         1786    x$fpl$dfltu         fz_ws.l(dflt_clz.o)
    0x080038f6   0x00000002   PAD
    0x080038f8   0x00000154   Code   RO         1792    x$fpl$dmul          fz_ws.l(dmul.o)
    0x08003a4c   0x0000009c   Code   RO         1820    x$fpl$dnaninf       fz_ws.l(dnaninf.o)
    0x08003ae8   0x0000000c   Code   RO         1822    x$fpl$dretinf       fz_ws.l(dretinf.o)
    0x08003af4   0x00000056   Code   RO         1794    x$fpl$f2d           fz_ws.l(f2d.o)
    0x08003b4a   0x00000002   PAD
    0x08003b4c   0x00000184   Code   RO         1797    x$fpl$fdiv          fz_ws.l(fdiv.o)
    0x08003cd0   0x0000003e   Code   RO         1800    x$fpl$ffixu         fz_ws.l(ffixu.o)
    0x08003d0e   0x00000002   PAD
    0x08003d10   0x00000102   Code   RO         1804    x$fpl$fmul          fz_ws.l(fmul.o)
    0x08003e12   0x0000008c   Code   RO         1824    x$fpl$fnaninf       fz_ws.l(fnaninf.o)
    0x08003e9e   0x0000000a   Code   RO         1826    x$fpl$fretinf       fz_ws.l(fretinf.o)
    0x08003ea8   0x00000004   Code   RO         1806    x$fpl$printf1       fz_ws.l(printf1.o)
    0x08003eac   0x00000000   Code   RO         1828    x$fpl$usenofp       fz_ws.l(usenofp.o)
    0x08003eac   0x00000028   Data   RO         1728    .constdata          c_w.l(_printf_hex_int.o)
    0x08003ed4   0x00000094   Data   RO         1856    .constdata          c_w.l(bigflt0.o)
    0x08003f68   0x00000097   Data   RO         1649    .conststring        funn.o
    0x08003fff   0x00000001   PAD
    0x08004000   0x00000020   Data   RO         2021    Region$$Table       anon$$obj.o
    0x08004020   0x0000001c   Data   RO         1880    locale$$data        c_w.l(lc_numeric_c.o)


    Execution Region RW_IRAM1 (Base: 0x20000000, Size: 0x00000e00, Max: 0x00005000, ABSOLUTE)

    Base Addr    Size         Type   Attr      Idx    E Section Name        Object

    0x20000000   0x00000014   Data   RW          193    .data               stm32f10x_rcc.o
    0x20000014   0x00000014   Data   RW          806    .data               system_stm32f10x.o
    0x20000028   0x00000004   Data   RW          985    .data               delay.o
    0x2000002c   0x00000006   Data   RW         1041    .data               usart.o
    0x20000032   0x00000002   PAD
    0x20000034   0x00000008   Data   RW         1110    .data               rs485.o
    0x2000003c   0x0000000c   Data   RW         1650    .data               funn.o
    0x20000048   0x000000c8   Zero   RW         1040    .bss                usart.o
    0x20000110   0x00000400   Zero   RW         1109    .bss                rs485.o
    0x20000510   0x000000dc   Zero   RW         1550    .bss                display.o
    0x200005ec   0x000001b2   Zero   RW         1648    .bss                funn.o
    0x2000079e   0x00000002   PAD
    0x200007a0   0x00000060   Zero   RW         1888    .bss                c_w.l(libspace.o)
    0x20000800   0x00000200   Zero   RW          837    HEAP                startup_stm32f10x_md.o
    0x20000a00   0x00000400   Zero   RW          836    STACK               startup_stm32f10x_md.o


==============================================================================

Image component sizes


      Code (inc. data)   RO Data    RW Data    ZI Data      Debug   Object Name

       250         18          0          0          0       1707   adc.o
       220         26          0          4          0       1647   delay.o
       496         24          0          0        220       4777   display.o
      3516       1200        151         12        434       7900   funn.o
       480         36          0          0          0       1646   io.o
       248        104          0          0          0       2855   main.o
       172         22          0          0          0       2101   misc.o
       492         48          0          8       1024       3627   rs485.o
       446         26          0          0          0       5239   rscg12864b.o
        64         26        236          0       1536        824   startup_stm32f10x_md.o
       486         24          0          0          0      17670   stm32f10x_adc.o
       430          6          0          0          0     235002   stm32f10x_gpio.o
        26          0          0          0          0       3738   stm32f10x_it.o
       364         50          0         20          0       6187   stm32f10x_rcc.o
       442          6          0          0          0       6181   stm32f10x_usart.o
       328         28          0         20          0       2101   system_stm32f10x.o
       142         14          0          6        200       2884   usart.o

    ----------------------------------------------------------------------
      8620       1658        420         72       3416     306086   Object Totals
         0          0         32          0          0          0   (incl. Generated)
        18          0          1          2          2          0   (incl. Padding)

    ----------------------------------------------------------------------

      Code (inc. data)   RO Data    RW Data    ZI Data      Debug   Library Member Name

         8          0          0          0          0         68   __main.o
       284          0          0          0          0        156   __printf_wp.o
         0          0          0          0          0          0   __rtentry.o
        12          0          0          0          0          0   __rtentry2.o
         6          0          0          0          0          0   __rtentry4.o
        52          8          0          0          0          0   __scatter.o
        26          0          0          0          0          0   __scatter_copy.o
        28          0          0          0          0          0   __scatter_zi.o
        48          6          0          0          0         96   _printf_char_common.o
         6          0          0          0          0          0   _printf_f.o
      1050          0          0          0          0        216   _printf_fp_dec.o
       128         16          0          0          0         84   _printf_fp_infnan.o
        88          4         40          0          0         88   _printf_hex_int.o
       178          0          0          0          0         88   _printf_intcommon.o
        78          0          0          0          0        108   _printf_pad.o
         0          0          0          0          0          0   _printf_percent.o
         4          0          0          0          0          0   _printf_percent_end.o
         6          0          0          0          0          0   _printf_x.o
        10          0          0          0          0         68   _sputc.o
       220          4        148          0          0         96   bigflt0.o
      1910        128          0          0          0        672   btod.o
        12          0          0          0          0         72   exit.o
         6          0          0          0          0        152   heapauxi.o
        44         10         28          0          0         76   lc_numeric_c.o
         2          0          0          0          0          0   libinit.o
        18          0          0          0          0          0   libinit2.o
         2          0          0          0          0          0   libshutdown.o
         2          0          0          0          0          0   libshutdown2.o
         8          4          0          0         96         68   libspace.o
       138          0          0          0          0         80   lludiv10.o
        40          6          0          0          0         84   noretval__2sprintf.o
         8          4          0          0          0         68   rt_locale_intlibspace.o
        68          0          0          0          0         68   rt_memclr.o
        78          0          0          0          0         80   rt_memclr_w.o
         2          0          0          0          0          0   rtexit.o
        10          0          0          0          0          0   rtexit2.o
        24          0          0          0          0         68   strcat.o
       128          0          0          0          0         68   strcmpv7m.o
        36          0          0          0          0         80   strstr.o
        74          0          0          0          0         80   sys_stackheap_outer.o
         2          0          0          0          0         68   use_no_semi.o
         2          0          0          0          0         68   use_no_semi_2.o
        98          4          0          0          0         92   d2f.o
       688        140          0          0          0        208   ddiv.o
        38          0          0          0          0         68   dflt_clz.o
       340         12          0          0          0        104   dmul.o
       156          4          0          0          0         92   dnaninf.o
        12          0          0          0          0         68   dretinf.o
        86          4          0          0          0         84   f2d.o
       388         76          0          0          0         96   fdiv.o
        62          4          0          0          0         84   ffixu.o
       258          4          0          0          0         84   fmul.o
       140          4          0          0          0         84   fnaninf.o
        10          0          0          0          0         68   fretinf.o
         4          0          0          0          0         68   printf1.o
         0          0          0          0          0          0   usenofp.o
        40          0          0          0          0         68   fpclassify.o

    ----------------------------------------------------------------------
      7188        442        216          0         96       4188   Library Totals
        22          0          0          0          0          0   (incl. Padding)

    ----------------------------------------------------------------------

      Code (inc. data)   RO Data    RW Data    ZI Data      Debug   Library Name

      4846        190        216          0         96       2920   c_w.l
      2280        252          0          0          0       1200   fz_ws.l
        40          0          0          0          0         68   m_ws.l

    ----------------------------------------------------------------------
      7188        442        216          0         96       4188   Library Totals

    ----------------------------------------------------------------------

==============================================================================


      Code (inc. data)   RO Data    RW Data    ZI Data      Debug   

     15808       2100        636         72       3512     303510   Grand Totals
     15808       2100        636         72       3512     303510   ELF Image Totals
     15808       2100        636         72          0          0   ROM Totals

==============================================================================

    Total RO  Size (Code + RO Data)                16444 (  16.06kB)
    Total RW  Size (RW Data + ZI Data)              3584 (   3.50kB)
    Total ROM Size (Code + RO Data + RW Data)      16516 (  16.13kB)

==============================================================================

